<html>
<body>
<pre>
<h1>µVision Build Log</h1>
<h2>Tool Versions:</h2>
IDE-Version: ¦ÌVision V5.15
Copyright (C) 2015 ARM Ltd and ARM Germany GmbH. All rights reserved.
License Information: zl Microsoft, Microsoft, LIC=YA3WF-6YGKN-XUD41-CRXQ9-F38TB-B8MEK
 
Tool Versions:
Toolchain:       MDK-ARM Standard  Version: 5.15.0
Toolchain Path:  e:\Keil_v5\ARM\ARMCC\Bin
C Compiler:      Armcc.exe V5.05 update 2 (build 169)
Assembler:       Armasm.exe V5.05 update 2 (build 169)
Linker/Locator:  ArmLink.exe V5.05 update 2 (build 169)
Library Manager: ArmAr.exe V5.05 update 2 (build 169)
Hex Converter:   FromElf.exe V5.05 update 2 (build 169)
CPU DLL:         SARMCM3.DLL V5.15.0
Dialog DLL:      DCM.DLL V1.13.2.0
Target DLL:      Segger\JL2CM3.dll V2.99.15.0
Dialog DLL:      TCM.DLL V1.14.5.0
 
<h2>Project:</h2>
E:\DM5042\ZLAC8015_CANopen_master\proj\canopen.uvprojx
Project File Date:  07/29/2020

<h2>Output:</h2>
*** Using Compiler 'V5.05 update 2 (build 169)', folder: 'e:\Keil_v5\ARM\ARMCC\Bin'
Build target 'canopen'
compiling Master_board.c...
..\can-slave\Master_board.c(133): warning:  #177-D: variable "msg" was declared but never referenced
    Message msg;
..\can-slave\Master_board.c(362): warning:  #223-D: function "malloc" declared implicitly
                  ptx_msg = (CanTxMsg *)malloc(sizeof(CanTxMsg));//zxb add this
..\can-slave\Master_board.c(385): warning:  #223-D: function "free" declared implicitly
           free(ptx_msg);
..\can-slave\Master_board.c(391): warning:  #223-D: function "free" declared implicitly
           free(ptx_msg);
..\can-slave\Master_board.c(236): warning:  #177-D: function "GPIO_Configuration" was declared but never referenced
  static void GPIO_Configuration(void)
..\can-slave\Master_board.c(266): warning:  #177-D: function "NVIC_Configuration" was declared but never referenced
  static void NVIC_Configuration(void)
..\can-slave\Master_board.c(78): warning:  #177-D: function "LED_Display" was declared but never referenced
  static void LED_Display(uint8_t Ledstatus);
..\can-slave\Master_board.c(576): warning:  #177-D: function "test_master" was declared but never referenced
  static int test_master(void)
..\can-slave\Master_board.c: 8 warnings, 0 errors
linking...
Program Size: Code=43452 RO-data=2572 RW-data=2280 ZI-data=4640  
FromELF: creating hex file...
"..\obj\canopen.axf" - 0 Error(s), 8 Warning(s).

<h2>Collection of Component include folders:</h2>
  E:\DM5042\ZLAC8015_CANopen_master\proj\RTE
  e:\Keil_v5\ARM\PACK\Keil\STM32F1xx_DFP\2.2.0\Device\Include

<h2>Collection of Component Files used:</h2>
</pre>
</body>
</html>
