Component: ARM Compiler 5.05 update 2 (build 169) Tool: armlink [4d0f33]

==============================================================================

Section Cross References

    main.o(i.Key_Init) refers to stm32f10x_rcc.o(i.RCC_APB2PeriphClockCmd) for RCC_APB2PeriphClockCmd
    main.o(i.Key_Init) refers to stm32f10x_gpio.o(i.GPIO_Init) for GPIO_Init
    main.o(i.Key_Init) refers to stm32f10x_gpio.o(i.GPIO_SetBits) for GPIO_SetBits
    main.o(i.RCC_Config) refers to stm32f10x_rcc.o(i.RCC_DeInit) for RCC_DeInit
    main.o(i.RCC_Config) refers to stm32f10x_rcc.o(i.RCC_HSEConfig) for RCC_HSEConfig
    main.o(i.RCC_Config) refers to stm32f10x_rcc.o(i.RCC_WaitForHSEStartUp) for RCC_WaitForHSEStartUp
    main.o(i.RCC_Config) refers to stm32f10x_rcc.o(i.RCC_HCLKConfig) for RCC_HCLKConfig
    main.o(i.RCC_Config) refers to stm32f10x_rcc.o(i.RCC_PCLK1Config) for RCC_PCLK1Config
    main.o(i.RCC_Config) refers to stm32f10x_rcc.o(i.RCC_PCLK2Config) for RCC_PCLK2Config
    main.o(i.RCC_Config) refers to stm32f10x_rcc.o(i.RCC_PLLConfig) for RCC_PLLConfig
    main.o(i.RCC_Config) refers to stm32f10x_rcc.o(i.RCC_PLLCmd) for RCC_PLLCmd
    main.o(i.RCC_Config) refers to stm32f10x_rcc.o(i.RCC_GetFlagStatus) for RCC_GetFlagStatus
    main.o(i.RCC_Config) refers to stm32f10x_rcc.o(i.RCC_SYSCLKConfig) for RCC_SYSCLKConfig
    main.o(i.RCC_Config) refers to stm32f10x_rcc.o(i.RCC_GetSYSCLKSource) for RCC_GetSYSCLKSource
    main.o(i.RCC_Config) refers to stm32f10x_rcc.o(i.RCC_HSICmd) for RCC_HSICmd
    main.o(i.ReadSpeed) refers to master_board.o(i.canSend) for canSend
    main.o(i.ReadSpeed) refers to main.o(.data) for .data
    main.o(i.ReadSpeed) refers to master_board.o(.data) for CanreveiveFlag
    main.o(i.ReadSpeed) refers to main.o(.bss) for .bss
    main.o(i.ReadSpeed) refers to testmaster.o(.data) for TestMaster_Data
    main.o(i.WriteSpeed) refers to master_board.o(i.canSend) for canSend
    main.o(i.WriteSpeed) refers to main.o(.data) for .data
    main.o(i.WriteSpeed) refers to main.o(.bss) for .bss
    main.o(i.WriteSpeed) refers to testmaster.o(.data) for TestMaster_Data
    main.o(i.WriteSpeed1) refers to master_board.o(i.canSend) for canSend
    main.o(i.WriteSpeed1) refers to main.o(.data) for .data
    main.o(i.WriteSpeed1) refers to main.o(.bss) for .bss
    main.o(i.WriteSpeed1) refers to testmaster.o(.data) for TestMaster_Data
    main.o(i.main) refers to system_stm32f10x.o(i.SystemInit) for SystemInit
    main.o(i.main) refers to main.o(i.RCC_Config) for RCC_Config
    main.o(i.main) refers to delay.o(i.delay_init) for delay_init
    main.o(i.main) refers to main.o(i.Key_Init) for Key_Init
    main.o(i.main) refers to stm32f10x_gpio.o(i.GPIO_ReadInputDataBit) for GPIO_ReadInputDataBit
    main.o(i.main) refers to main.o(i.delay_ns) for delay_ns
    main.o(i.main) refers to master_board.o(i.can_recv_thread) for can_recv_thread
    main.o(i.main) refers to master_board.o(i.canSend) for canSend
    main.o(i.main) refers to main.o(i.WriteSpeed1) for WriteSpeed1
    main.o(i.main) refers to stm32f10x_gpio.o(i.GPIO_ResetBits) for GPIO_ResetBits
    main.o(i.main) refers to stm32f10x_gpio.o(i.GPIO_SetBits) for GPIO_SetBits
    main.o(i.main) refers to main.o(.data) for .data
    main.o(i.main) refers to main.o(.bss) for .bss
    main.o(i.main) refers to testmaster.o(.data) for TestMaster_Data
    system_stm32f10x.o(i.SetSysClock) refers to system_stm32f10x.o(i.SetSysClockTo72) for SetSysClockTo72
    system_stm32f10x.o(i.SystemCoreClockUpdate) refers to system_stm32f10x.o(.data) for .data
    system_stm32f10x.o(i.SystemInit) refers to system_stm32f10x.o(i.SetSysClock) for SetSysClock
    delay.o(i.delay_init) refers to misc.o(i.SysTick_CLKSourceConfig) for SysTick_CLKSourceConfig
    delay.o(i.delay_init) refers to system_stm32f10x.o(.data) for SystemCoreClock
    delay.o(i.delay_init) refers to delay.o(.data) for .data
    delay.o(i.delay_ms) refers to delay.o(.data) for .data
    delay.o(i.delay_us) refers to delay.o(.data) for .data
    startup_stm32f10x_hd.o(STACK) refers (Special) to heapauxi.o(.text) for __use_two_region_memory
    startup_stm32f10x_hd.o(HEAP) refers (Special) to heapauxi.o(.text) for __use_two_region_memory
    startup_stm32f10x_hd.o(RESET) refers (Special) to heapauxi.o(.text) for __use_two_region_memory
    startup_stm32f10x_hd.o(RESET) refers to startup_stm32f10x_hd.o(STACK) for __initial_sp
    startup_stm32f10x_hd.o(RESET) refers to startup_stm32f10x_hd.o(.text) for Reset_Handler
    startup_stm32f10x_hd.o(RESET) refers to stm32f10x_it.o(i.NMI_Handler) for NMI_Handler
    startup_stm32f10x_hd.o(RESET) refers to stm32f10x_it.o(i.HardFault_Handler) for HardFault_Handler
    startup_stm32f10x_hd.o(RESET) refers to stm32f10x_it.o(i.MemManage_Handler) for MemManage_Handler
    startup_stm32f10x_hd.o(RESET) refers to stm32f10x_it.o(i.BusFault_Handler) for BusFault_Handler
    startup_stm32f10x_hd.o(RESET) refers to stm32f10x_it.o(i.UsageFault_Handler) for UsageFault_Handler
[...]
    _printf_truncate_signed                   - Undefined Weak Reference
    _printf_truncate_unsigned                 - Undefined Weak Reference
    _rand_init                                - Undefined Weak Reference
    _signal_finish                            - Undefined Weak Reference
    _signal_init                              - Undefined Weak Reference
    _terminateio                              - Undefined Weak Reference
    __Vectors_Size                           0x00000130   Number         0  startup_stm32f10x_hd.o ABSOLUTE
    __Vectors                                0x08000000   Data           4  startup_stm32f10x_hd.o(RESET)
    __Vectors_End                            0x08000130   Data           0  startup_stm32f10x_hd.o(RESET)
    __main                                   0x08000131   Thumb Code     8  __main.o(!!!main)
    __scatterload                            0x08000139   Thumb Code     0  __scatter.o(!!!scatter)
    __scatterload_rt2                        0x08000139   Thumb Code    44  __scatter.o(!!!scatter)
    __scatterload_rt2_thumb_only             0x08000139   Thumb Code     0  __scatter.o(!!!scatter)
    __scatterload_null                       0x08000147   Thumb Code     0  __scatter.o(!!!scatter)
    __decompress                             0x0800016d   Thumb Code    90  __dczerorl2.o(!!dczerorl2)
    __decompress1                            0x0800016d   Thumb Code     0  __dczerorl2.o(!!dczerorl2)
    __scatterload_zeroinit                   0x080001c9   Thumb Code    28  __scatter_zi.o(!!handler_zi)
    _printf_d                                0x080001e5   Thumb Code     0  _printf_d.o(.ARM.Collect$$_printf_percent$$00000009)
    _printf_percent                          0x080001e5   Thumb Code     0  _printf_percent.o(.ARM.Collect$$_printf_percent$$00000000)
    _printf_x                                0x080001eb   Thumb Code     0  _printf_x.o(.ARM.Collect$$_printf_percent$$0000000C)
    _printf_s                                0x080001f1   Thumb Code     0  _printf_s.o(.ARM.Collect$$_printf_percent$$00000014)
    _printf_percent_end                      0x080001f7   Thumb Code     0  _printf_percent_end.o(.ARM.Collect$$_printf_percent$$00000017)
    __rt_lib_init                            0x080001fb   Thumb Code     0  libinit.o(.ARM.Collect$$libinit$$00000000)
    __rt_lib_init_fp_1                       0x080001fd   Thumb Code     0  libinit2.o(.ARM.Collect$$libinit$$00000002)
    __rt_lib_init_heap_2                     0x080001fd   Thumb Code     0  libinit2.o(.ARM.Collect$$libinit$$00000005)
    __rt_lib_init_preinit_1                  0x080001fd   Thumb Code     0  libinit2.o(.ARM.Collect$$libinit$$00000004)
    __rt_lib_init_alloca_1                   0x08000205   Thumb Code     0  libinit2.o(.ARM.Collect$$libinit$$0000002E)
    __rt_lib_init_argv_1                     0x08000205   Thumb Code     0  libinit2.o(.ARM.Collect$$libinit$$0000002C)
    __rt_lib_init_atexit_1                   0x08000205   Thumb Code     0  libinit2.o(.ARM.Collect$$libinit$$0000001B)
    __rt_lib_init_clock_1                    0x08000205   Thumb Code     0  libinit2.o(.ARM.Collect$$libinit$$00000021)
    __rt_lib_init_cpp_1                      0x08000205   Thumb Code     0  libinit2.o(.ARM.Collect$$libinit$$00000032)
    __rt_lib_init_exceptions_1               0x08000205   Thumb Code     0  libinit2.o(.ARM.Collect$$libinit$$00000030)
    __rt_lib_init_fp_trap_1                  0x08000205   Thumb Code     0  libinit2.o(.ARM.Collect$$libinit$$0000001F)
    __rt_lib_init_getenv_1                   0x08000205   Thumb Code     0  libinit2.o(.ARM.Collect$$libinit$$00000023)
    __rt_lib_init_heap_1                     0x08000205   Thumb Code     0  libinit2.o(.ARM.Collect$$libinit$$0000000A)
    __rt_lib_init_lc_collate_1               0x08000205   Thumb Code     0  libinit2.o(.ARM.Collect$$libinit$$00000011)
    __rt_lib_init_lc_ctype_1                 0x08000205   Thumb Code     0  libinit2.o(.ARM.Collect$$libinit$$00000013)
    __rt_lib_init_lc_monetary_1              0x08000205   Thumb Code     0  libinit2.o(.ARM.Collect$$libinit$$00000015)
    __rt_lib_init_lc_numeric_1               0x08000205   Thumb Code     0  libinit2.o(.ARM.Collect$$libinit$$00000017)
    __rt_lib_init_lc_time_1                  0x08000205   Thumb Code     0  libinit2.o(.ARM.Collect$$libinit$$00000019)
    __rt_lib_init_rand_1                     0x08000205   Thumb Code     0  libinit2.o(.ARM.Collect$$libinit$$0000000E)
    __rt_lib_init_return                     0x08000205   Thumb Code     0  libinit2.o(.ARM.Collect$$libinit$$00000033)
    __rt_lib_init_signal_1                   0x08000205   Thumb Code     0  libinit2.o(.ARM.Collect$$libinit$$0000001D)
    __rt_lib_init_stdio_1                    0x08000205   Thumb Code     0  libinit2.o(.ARM.Collect$$libinit$$00000025)
    __rt_lib_init_user_alloc_1               0x08000205   Thumb Code     0  libinit2.o(.ARM.Collect$$libinit$$0000000C)
    __rt_lib_shutdown                        0x08000207   Thumb Code     0  libshutdown.o(.ARM.Collect$$libshutdown$$00000000)
    __rt_lib_shutdown_fp_trap_1              0x08000209   Thumb Code     0  libshutdown2.o(.ARM.Collect$$libshutdown$$00000006)
    __rt_lib_shutdown_heap_1                 0x08000209   Thumb Code     0  libshutdown2.o(.ARM.Collect$$libshutdown$$0000000E)
    __rt_lib_shutdown_return                 0x08000209   Thumb Code     0  libshutdown2.o(.ARM.Collect$$libshutdown$$0000000F)
    __rt_lib_shutdown_signal_1               0x08000209   Thumb Code     0  libshutdown2.o(.ARM.Collect$$libshutdown$$00000009)
    __rt_lib_shutdown_stdio_1                0x08000209   Thumb Code     0  libshutdown2.o(.ARM.Collect$$libshutdown$$00000003)
    __rt_lib_shutdown_user_alloc_1           0x08000209   Thumb Code     0  libshutdown2.o(.ARM.Collect$$libshutdown$$0000000B)
    __rt_entry                               0x0800020b   Thumb Code     0  __rtentry.o(.ARM.Collect$$rtentry$$00000000)
    __rt_entry_presh_1                       0x0800020b   Thumb Code     0  __rtentry2.o(.ARM.Collect$$rtentry$$00000002)
    __rt_entry_sh                            0x0800020b   Thumb Code     0  __rtentry4.o(.ARM.Collect$$rtentry$$00000004)
    __rt_entry_li                            0x08000211   Thumb Code     0  __rtentry2.o(.ARM.Collect$$rtentry$$0000000A)
    __rt_entry_postsh_1                      0x08000211   Thumb Code     0  __rtentry2.o(.ARM.Collect$$rtentry$$00000009)
    __rt_entry_main                          0x08000215   Thumb Code     0  __rtentry2.o(.ARM.Collect$$rtentry$$0000000D)
    __rt_entry_postli_1                      0x08000215   Thumb Code     0  __rtentry2.o(.ARM.Collect$$rtentry$$0000000C)
    __rt_exit                                0x0800021d   Thumb Code     0  rtexit.o(.ARM.Collect$$rtexit$$00000000)
    __rt_exit_ls                             0x0800021f   Thumb Code     0  rtexit2.o(.ARM.Collect$$rtexit$$00000003)
    __rt_exit_prels_1                        0x0800021f   Thumb Code     0  rtexit2.o(.ARM.Collect$$rtexit$$00000002)
    __rt_exit_exit                           0x08000223   Thumb Code     0  rtexit2.o(.ARM.Collect$$rtexit$$00000004)
    Reset_Handler                            0x08000229   Thumb Code     8  startup_stm32f10x_hd.o(.text)
    _maybe_terminate_alloc                   0x08000229   Thumb Code     0  maybetermalloc1.o(.emb_text)
    ADC1_2_IRQHandler                        0x08000243   Thumb Code     0  startup_stm32f10x_hd.o(.text)
    ADC3_IRQHandler                          0x08000243   Thumb Code     0  startup_stm32f10x_hd.o(.text)
    CAN1_RX1_IRQHandler                      0x08000243   Thumb Code     0  startup_stm32f10x_hd.o(.text)
    CAN1_SCE_IRQHandler                      0x08000243   Thumb Code     0  startup_stm32f10x_hd.o(.text)
    DMA1_Channel1_IRQHandler                 0x08000243   Thumb Code     0  startup_stm32f10x_hd.o(.text)
    DMA1_Channel2_IRQHandler                 0x08000243   Thumb Code     0  startup_stm32f10x_hd.o(.text)
    DMA1_Channel3_IRQHandler                 0x08000243   Thumb Code     0  startup_stm32f10x_hd.o(.text)
    DMA1_Channel4_IRQHandler                 0x08000243   Thumb Code     0  startup_stm32f10x_hd.o(.text)
    DMA1_Channel5_IRQHandler                 0x08000243   Thumb Code     0  startup_stm32f10x_hd.o(.text)
    DMA1_Channel6_IRQHandler                 0x08000243   Thumb Code     0  startup_stm32f10x_hd.o(.text)
    DMA1_Channel7_IRQHandler                 0x08000243   Thumb Code     0  startup_stm32f10x_hd.o(.text)
    DMA2_Channel1_IRQHandler                 0x08000243   Thumb Code     0  startup_stm32f10x_hd.o(.text)
    DMA2_Channel2_IRQHandler                 0x08000243   Thumb Code     0  startup_stm32f10x_hd.o(.text)
    DMA2_Channel3_IRQHandler                 0x08000243   Thumb Code     0  startup_stm32f10x_hd.o(.text)
    DMA2_Channel4_5_IRQHandler               0x08000243   Thumb Code     0  startup_stm32f10x_hd.o(.text)
    EXTI0_IRQHandler                         0x08000243   Thumb Code     0  startup_stm32f10x_hd.o(.text)
    EXTI15_10_IRQHandler                     0x08000243   Thumb Code     0  startup_stm32f10x_hd.o(.text)
    EXTI1_IRQHandler                         0x08000243   Thumb Code     0  startup_stm32f10x_hd.o(.text)
    EXTI2_IRQHandler                         0x08000243   Thumb Code     0  startup_stm32f10x_hd.o(.text)
    EXTI3_IRQHandler                         0x08000243   Thumb Code     0  startup_stm32f10x_hd.o(.text)
    EXTI4_IRQHandler                         0x08000243   Thumb Code     0  startup_stm32f10x_hd.o(.text)
    EXTI9_5_IRQHandler                       0x08000243   Thumb Code     0  startup_stm32f10x_hd.o(.text)
    FLASH_IRQHandler                         0x08000243   Thumb Code     0  startup_stm32f10x_hd.o(.text)
    FSMC_IRQHandler                          0x08000243   Thumb Code     0  startup_stm32f10x_hd.o(.text)
    I2C1_ER_IRQHandler                       0x08000243   Thumb Code     0  startup_stm32f10x_hd.o(.text)
    I2C1_EV_IRQHandler                       0x08000243   Thumb Code     0  startup_stm32f10x_hd.o(.text)
    I2C2_ER_IRQHandler                       0x08000243   Thumb Code     0  startup_stm32f10x_hd.o(.text)
    I2C2_EV_IRQHandler                       0x08000243   Thumb Code     0  startup_stm32f10x_hd.o(.text)
    PVD_IRQHandler                           0x08000243   Thumb Code     0  startup_stm32f10x_hd.o(.text)
    RCC_IRQHandler                           0x08000243   Thumb Code     0  startup_stm32f10x_hd.o(.text)
    RTCAlarm_IRQHandler                      0x08000243   Thumb Code     0  startup_stm32f10x_hd.o(.text)
    RTC_IRQHandler                           0x08000243   Thumb Code     0  startup_stm32f10x_hd.o(.text)
    SDIO_IRQHandler                          0x08000243   Thumb Code     0  startup_stm32f10x_hd.o(.text)
    SPI1_IRQHandler                          0x08000243   Thumb Code     0  startup_stm32f10x_hd.o(.text)
    SPI2_IRQHandler                          0x08000243   Thumb Code     0  startup_stm32f10x_hd.o(.text)
    SPI3_IRQHandler                          0x08000243   Thumb Code     0  startup_stm32f10x_hd.o(.text)
    TAMPER_IRQHandler                        0x08000243   Thumb Code     0  startup_stm32f10x_hd.o(.text)
    TIM1_BRK_IRQHandler                      0x08000243   Thumb Code     0  startup_stm32f10x_hd.o(.text)
    TIM1_CC_IRQHandler                       0x08000243   Thumb Code     0  startup_stm32f10x_hd.o(.text)
    TIM1_TRG_COM_IRQHandler                  0x08000243   Thumb Code     0  startup_stm32f10x_hd.o(.text)
    TIM1_UP_IRQHandler                       0x08000243   Thumb Code     0  startup_stm32f10x_hd.o(.text)
    TIM2_IRQHandler                          0x08000243   Thumb Code     0  startup_stm32f10x_hd.o(.text)
    TIM3_IRQHandler                          0x08000243   Thumb Code     0  startup_stm32f10x_hd.o(.text)
    TIM5_IRQHandler                          0x08000243   Thumb Code     0  startup_stm32f10x_hd.o(.text)
    TIM6_IRQHandler                          0x08000243   Thumb Code     0  startup_stm32f10x_hd.o(.text)
    TIM7_IRQHandler                          0x08000243   Thumb Code     0  startup_stm32f10x_hd.o(.text)
    TIM8_BRK_IRQHandler                      0x08000243   Thumb Code     0  startup_stm32f10x_hd.o(.text)
    TIM8_CC_IRQHandler                       0x08000243   Thumb Code     0  startup_stm32f10x_hd.o(.text)
    TIM8_TRG_COM_IRQHandler                  0x08000243   Thumb Code     0  startup_stm32f10x_hd.o(.text)
    TIM8_UP_IRQHandler                       0x08000243   Thumb Code     0  startup_stm32f10x_hd.o(.text)
    UART4_IRQHandler                         0x08000243   Thumb Code     0  startup_stm32f10x_hd.o(.text)
    UART5_IRQHandler                         0x08000243   Thumb Code     0  startup_stm32f10x_hd.o(.text)
    USART2_IRQHandler                        0x08000243   Thumb Code     0  startup_stm32f10x_hd.o(.text)
    USART3_IRQHandler                        0x08000243   Thumb Code     0  startup_stm32f10x_hd.o(.text)
    USBWakeUp_IRQHandler                     0x08000243   Thumb Code     0  startup_stm32f10x_hd.o(.text)
    USB_HP_CAN1_TX_IRQHandler                0x08000243   Thumb Code     0  startup_stm32f10x_hd.o(.text)
    WWDG_IRQHandler                          0x08000243   Thumb Code     0  startup_stm32f10x_hd.o(.text)
    __user_initial_stackheap                 0x08000245   Thumb Code     0  startup_stm32f10x_hd.o(.text)
    __use_no_semihosting                     0x08000269   Thumb Code     2  use_no_semi_2.o(.text)
    malloc                                   0x0800026b   Thumb Code    94  h1_alloc.o(.text)
    free                                     0x080002c9   Thumb Code    78  h1_free.o(.text)
    realloc                                  0x08000317   Thumb Code   184  h1_realloc.o(.text)
    __2printf                                0x080003d1   Thumb Code    20  noretval__2printf.o(.text)
    _printf_str                              0x080003e9   Thumb Code    82  _printf_str.o(.text)
    _printf_int_dec                          0x0800043d   Thumb Code   104  _printf_dec.o(.text)
    _printf_int_hex                          0x080004b5   Thumb Code    84  _printf_hex_int.o(.text)
    _printf_longlong_hex                     0x080004b5   Thumb Code     0  _printf_hex_int.o(.text)
    __printf                                 0x0800050d   Thumb Code   184  __printf_ss.o(.text)
    memcmp                                   0x080005c5   Thumb Code    88  memcmp.o(.text)
    __aeabi_memcpy                           0x0800061d   Thumb Code     0  rt_memcpy_v6.o(.text)
    __rt_memcpy                              0x0800061d   Thumb Code   138  rt_memcpy_v6.o(.text)
    _memcpy_lastbytes                        0x08000683   Thumb Code     0  rt_memcpy_v6.o(.text)
    __use_two_region_memory                  0x080006a7   Thumb Code     2  heapauxi.o(.text)
    __rt_heap_escrow                         0x080006a9   Thumb Code     2  heapauxi.o(.text)
    __rt_heap_expand                         0x080006ab   Thumb Code     2  heapauxi.o(.text)
    __I$use$semihosting                      0x080006ad   Thumb Code     0  use_no_semi.o(.text)
    __use_no_semihosting_swi                 0x080006ad   Thumb Code     2  use_no_semi.o(.text)
    __rt_heap_descriptor                     0x080006b1   Thumb Code     8  rt_heap_descriptor_intlibspace.o(.text)
    __use_no_heap                            0x080006b9   Thumb Code     2  hguard.o(.text)
    __heap$guard                             0x080006bb   Thumb Code     2  hguard.o(.text)
    _terminate_user_alloc                    0x080006bd   Thumb Code     2  init_alloc.o(.text)
    _init_user_alloc                         0x080006bf   Thumb Code     2  init_alloc.o(.text)
    __Heap_Full                              0x080006c1   Thumb Code    34  init_alloc.o(.text)
    __Heap_Broken                            0x080006e3   Thumb Code     6  init_alloc.o(.text)
    _init_alloc                              0x080006e9   Thumb Code    94  init_alloc.o(.text)
    __Heap_Initialize                        0x08000747   Thumb Code    10  h1_init.o(.text)
    __Heap_DescSize                          0x08000751   Thumb Code     4  h1_init.o(.text)
    _printf_int_common                       0x08000755   Thumb Code   178  _printf_intcommon.o(.text)
    _printf_cs_common                        0x08000807   Thumb Code    20  _printf_char.o(.text)
    _printf_char                             0x0800081b   Thumb Code    16  _printf_char.o(.text)
    _printf_string                           0x0800082b   Thumb Code     8  _printf_char.o(.text)
    _printf_char_file                        0x08000835   Thumb Code    32  _printf_char_file.o(.text)
    __aeabi_memcpy4                          0x08000859   Thumb Code     0  rt_memcpy_w.o(.text)
    __aeabi_memcpy8                          0x08000859   Thumb Code     0  rt_memcpy_w.o(.text)
    __rt_memcpy_w                            0x08000859   Thumb Code   100  rt_memcpy_w.o(.text)
    _memcpy_lastbytes_aligned                0x080008a1   Thumb Code     0  rt_memcpy_w.o(.text)
    __user_libspace                          0x080008bd   Thumb Code     8  libspace.o(.text)
    __user_perproc_libspace                  0x080008bd   Thumb Code     0  libspace.o(.text)
    __user_perthread_libspace                0x080008bd   Thumb Code     0  libspace.o(.text)
    __Heap_ProvideMemory                     0x080008c5   Thumb Code    52  h1_extend.o(.text)
    _printf_char_common                      0x08000903   Thumb Code    32  _printf_char_common.o(.text)
    ferror                                   0x08000929   Thumb Code     8  ferror.o(.text)
    __rt_SIGRTMEM                            0x08000931   Thumb Code    14  defsig_rtmem_outer.o(.text)
    __user_setup_stackheap                   0x0800093f   Thumb Code    74  sys_stackheap_outer.o(.text)
    exit                                     0x08000989   Thumb Code    12  exit.o(.text)
    __sig_exit                               0x08000995   Thumb Code    10  defsig_exit.o(.text)
    __rt_SIGRTMEM_inner                      0x080009a1   Thumb Code    22  defsig_rtmem_inner.o(.text)
    __default_signal_display                 0x080009f1   Thumb Code    50  defsig_general.o(.text)
    BusFault_Handler                         0x08000a23   Thumb Code     2  stm32f10x_it.o(i.BusFault_Handler)
    CAN_ClearITPendingBit                    0x08000a25   Thumb Code   164  stm32f10x_can.o(i.CAN_ClearITPendingBit)
    CAN_DeInit                               0x08000b01   Thumb Code    56  stm32f10x_can.o(i.CAN_DeInit)
    CAN_FilterInit                           0x08000b39   Thumb Code   228  stm32f10x_can.o(i.CAN_FilterInit)
    CAN_GetITStatus                          0x08000c31   Thumb Code   264  stm32f10x_can.o(i.CAN_GetITStatus)
    CAN_ITConfig                             0x08000d3d   Thumb Code    22  stm32f10x_can.o(i.CAN_ITConfig)
    CAN_Init                                 0x08000d53   Thumb Code   274  stm32f10x_can.o(i.CAN_Init)
    CAN_MessagePending                       0x08000e65   Thumb Code    28  stm32f10x_can.o(i.CAN_MessagePending)
    CAN_Mode_Init                            0x08000e81   Thumb Code   226  direct_can.o(i.CAN_Mode_Init)
    CAN_Receive                              0x08000f6d   Thumb Code   190  stm32f10x_can.o(i.CAN_Receive)
    CAN_Transmit                             0x0800102b   Thumb Code   234  stm32f10x_can.o(i.CAN_Transmit)
    ConsumerHearbeatAlarm                    0x08001121   Thumb Code    40  lifegrd.o(i.ConsumerHearbeatAlarm)
    CopyBits                                 0x08001149   Thumb Code   180  pdo.o(i.CopyBits)
    DebugMon_Handler                         0x080011fd   Thumb Code     2  stm32f10x_it.o(i.DebugMon_Handler)
    DelAlarm                                 0x08001201   Thumb Code    38  timer_canfestival.o(i.DelAlarm)
    GPIO_Init                                0x08001231   Thumb Code   186  stm32f10x_gpio.o(i.GPIO_Init)
    GPIO_PinRemapConfig                      0x080012ed   Thumb Code   120  stm32f10x_gpio.o(i.GPIO_PinRemapConfig)
    GPIO_ReadInputDataBit                    0x08001369   Thumb Code    14  stm32f10x_gpio.o(i.GPIO_ReadInputDataBit)
    GPIO_ResetBits                           0x08001377   Thumb Code     4  stm32f10x_gpio.o(i.GPIO_ResetBits)
    GPIO_SetBits                             0x0800137b   Thumb Code     4  stm32f10x_gpio.o(i.GPIO_SetBits)
    HardFault_Handler                        0x0800137f   Thumb Code     2  stm32f10x_it.o(i.HardFault_Handler)
    Key_Init                                 0x08001381   Thumb Code    74  main.o(i.Key_Init)
    LssAlarmSDELAY                           0x080013d5   Thumb Code   158  lss.o(i.LssAlarmSDELAY)
    MemManage_Handler                        0x08001515   Thumb Code     2  stm32f10x_it.o(i.MemManage_Handler)
    NMI_Handler                              0x08001517   Thumb Code     2  stm32f10x_it.o(i.NMI_Handler)
    NVIC_Init                                0x08001519   Thumb Code   116  misc.o(i.NVIC_Init)
    NVIC_PriorityGroupConfig                 0x08001591   Thumb Code    14  misc.o(i.NVIC_PriorityGroupConfig)
    OnCOB_ID_SyncUpdate                      0x080015a5   Thumb Code    10  sync.o(i.OnCOB_ID_SyncUpdate)
    OnHeartbeatProducerUpdate                0x080015af   Thumb Code    20  lifegrd.o(i.OnHeartbeatProducerUpdate)
    OnNumberOfErrorsUpdate                   0x080015c3   Thumb Code    44  emcy.o(i.OnNumberOfErrorsUpdate)
    PDOEventTimerAlarm                       0x080015ef   Thumb Code    48  pdo.o(i.PDOEventTimerAlarm)
    PDOInhibitTimerAlarm                     0x0800161f   Thumb Code    46  pdo.o(i.PDOInhibitTimerAlarm)
    PDOInit                                  0x0800164d   Thumb Code    86  pdo.o(i.PDOInit)
    PDOStop                                  0x080016a9   Thumb Code   112  pdo.o(i.PDOStop)
    PendSV_Handler                           0x08001719   Thumb Code     2  stm32f10x_it.o(i.PendSV_Handler)
    ProducerHearbeatAlarm                    0x0800171d   Thumb Code   102  lifegrd.o(i.ProducerHearbeatAlarm)
    RCC_APB1PeriphClockCmd                   0x080017d9   Thumb Code    24  stm32f10x_rcc.o(i.RCC_APB1PeriphClockCmd)
    RCC_APB1PeriphResetCmd                   0x080017f5   Thumb Code    24  stm32f10x_rcc.o(i.RCC_APB1PeriphResetCmd)
    RCC_APB2PeriphClockCmd                   0x08001811   Thumb Code    24  stm32f10x_rcc.o(i.RCC_APB2PeriphClockCmd)
    RCC_DeInit                               0x080018a1   Thumb Code    54  stm32f10x_rcc.o(i.RCC_DeInit)
    RCC_GetFlagStatus                        0x080018e1   Thumb Code    44  stm32f10x_rcc.o(i.RCC_GetFlagStatus)
    RCC_GetSYSCLKSource                      0x08001911   Thumb Code    10  stm32f10x_rcc.o(i.RCC_GetSYSCLKSource)
    RCC_HCLKConfig                           0x08001921   Thumb Code    14  stm32f10x_rcc.o(i.RCC_HCLKConfig)
    RCC_HSEConfig                            0x08001935   Thumb Code    50  stm32f10x_rcc.o(i.RCC_HSEConfig)
    RCC_HSICmd                               0x0800196d   Thumb Code     6  stm32f10x_rcc.o(i.RCC_HSICmd)
    RCC_PCLK1Config                          0x08001979   Thumb Code    14  stm32f10x_rcc.o(i.RCC_PCLK1Config)
    RCC_PCLK2Config                          0x0800198d   Thumb Code    16  stm32f10x_rcc.o(i.RCC_PCLK2Config)
    RCC_PLLCmd                               0x080019a1   Thumb Code     6  stm32f10x_rcc.o(i.RCC_PLLCmd)
    RCC_PLLConfig                            0x080019ad   Thumb Code    16  stm32f10x_rcc.o(i.RCC_PLLConfig)
    RCC_SYSCLKConfig                         0x080019c1   Thumb Code    14  stm32f10x_rcc.o(i.RCC_SYSCLKConfig)
    RCC_WaitForHSEStartUp                    0x080019d5   Thumb Code    46  stm32f10x_rcc.o(i.RCC_WaitForHSEStartUp)
    RegisterSetODentryCallBack               0x08001a03   Thumb Code    40  objacces.o(i.RegisterSetODentryCallBack)
    SDOTimeoutAlarm                          0x08001a2d   Thumb Code   130  sdo.o(i.SDOTimeoutAlarm)
    SDOlineToObjdict                         0x08001ab5   Thumb Code    96  sdo.o(i.SDOlineToObjdict)
    SDOtoLine                                0x08001b15   Thumb Code   194  sdo.o(i.SDOtoLine)
    SVC_Handler                              0x08001c6d   Thumb Code     2  stm32f10x_it.o(i.SVC_Handler)
    SetAlarm                                 0x08001c71   Thumb Code   146  timer_canfestival.o(i.SetAlarm)
    SyncAlarm                                0x08001dc5   Thumb Code     2  sync.o(i.SyncAlarm)
    SysTick_CLKSourceConfig                  0x08001dc7   Thumb Code    28  misc.o(i.SysTick_CLKSourceConfig)
    SysTick_Handler                          0x08001de3   Thumb Code     2  stm32f10x_it.o(i.SysTick_Handler)
    SystemInit                               0x08001de5   Thumb Code    68  system_stm32f10x.o(i.SystemInit)
    TIM4_IRQHandler                          0x08001e35   Thumb Code    44  stm32_timer_canfestival.o(i.TIM4_IRQHandler)
    TIM_ClearITPendingBit                    0x08001e69   Thumb Code     6  stm32f10x_tim.o(i.TIM_ClearITPendingBit)
    TIM_GetCapture1                          0x08001e6f   Thumb Code     4  stm32f10x_tim.o(i.TIM_GetCapture1)
    TIM_GetCounter                           0x08001e73   Thumb Code     4  stm32f10x_tim.o(i.TIM_GetCounter)
    TIM_GetITStatus                          0x08001e77   Thumb Code    22  stm32f10x_tim.o(i.TIM_GetITStatus)
    TIM_SetCompare1                          0x08001e8d   Thumb Code     4  stm32f10x_tim.o(i.TIM_SetCompare1)
    TPDO_Communication_Parameter_Callback    0x08001e91   Thumb Code   110  pdo.o(i.TPDO_Communication_Parameter_Callback)
    TestMaster_scanIndexOD                   0x08001f01   Thumb Code   382  testmaster.o(i.TestMaster_scanIndexOD)
    TestMaster_valueRangeTest                0x08002095   Thumb Code    16  testmaster.o(i.TestMaster_valueRangeTest)
    TimeDispatch                             0x080020a9   Thumb Code   172  timer_canfestival.o(i.TimeDispatch)
    USART1_IRQHandler                        0x0800215d   Thumb Code    98  usart1.o(i.USART1_IRQHandler)
    USART_GetITStatus                        0x080021cd   Thumb Code    72  stm32f10x_usart.o(i.USART_GetITStatus)
    USART_ReceiveData                        0x08002215   Thumb Code     8  stm32f10x_usart.o(i.USART_ReceiveData)
    USB_LP_CAN1_RX0_IRQHandler               0x0800221d   Thumb Code   116  master_board.o(i.USB_LP_CAN1_RX0_IRQHandler)
    UsageFault_Handler                       0x080022a1   Thumb Code     2  stm32f10x_it.o(i.UsageFault_Handler)
    WriteSpeed1                              0x080022a5   Thumb Code    68  main.o(i.WriteSpeed1)
    _RxPDO_EventTimers_Handler               0x080022f5   Thumb Code     2  pdo.o(i._RxPDO_EventTimers_Handler)
    _getODentry                              0x080022f9   Thumb Code   278  objacces.o(i._getODentry)
    _heartbeatError                          0x08002469   Thumb Code     2  lifegrd.o(i._heartbeatError)
    _initialisation                          0x0800246b   Thumb Code     2  states.o(i._initialisation)
    _operational                             0x0800246d   Thumb Code     2  states.o(i._operational)
    _post_SlaveBootup                        0x0800246f   Thumb Code     2  lifegrd.o(i._post_SlaveBootup)
    _post_SlaveStateChange                   0x08002471   Thumb Code     2  lifegrd.o(i._post_SlaveStateChange)
    _post_TPDO                               0x08002473   Thumb Code     2  sync.o(i._post_TPDO)
    _post_emcy                               0x08002475   Thumb Code     2  emcy.o(i._post_emcy)
    _post_sync                               0x08002477   Thumb Code     2  sync.o(i._post_sync)
    _preOperational                          0x08002479   Thumb Code     2  states.o(i._preOperational)
    _sendPDOevent                            0x0800247d   Thumb Code   556  pdo.o(i._sendPDOevent)
    _setODentry                              0x080027cd   Thumb Code   656  objacces.o(i._setODentry)
    _stopped                                 0x08002be5   Thumb Code     2  states.o(i._stopped)
    _storeODSubIndex                         0x08002be7   Thumb Code     2  objacces.o(i._storeODSubIndex)
    _sys_exit                                0x08002be9   Thumb Code     2  usart1.o(i._sys_exit)
    _ttywrch                                 0x08002beb   Thumb Code     2  usart1.o(i._ttywrch)
    accessDictionaryError                    0x08002bed   Thumb Code   316  objacces.o(i.accessDictionaryError)
    buildPDO                                 0x08002ed9   Thumb Code   406  pdo.o(i.buildPDO)
    canDispatch                              0x08003175   Thumb Code   134  states.o(i.canDispatch)
    canReceive                               0x080031fd   Thumb Code    78  master_board.o(i.canReceive)
    canSend                                  0x08003251   Thumb Code   274  master_board.o(i.canSend)
    can_master_init                          0x08003461   Thumb Code    14  master_board.o(i.can_master_init)
    can_recv_thread                          0x0800346f   Thumb Code     4  master_board.o(i.can_recv_thread)
    delay_init                               0x08003475   Thumb Code    46  delay.o(i.delay_init)
    delay_ns                                 0x080034b1   Thumb Code    20  main.o(i.delay_ns)
    emergencyInit                            0x080034c5   Thumb Code    28  emcy.o(i.emergencyInit)
    emergencyStop                            0x080034e5   Thumb Code     2  emcy.o(i.emergencyStop)
    failedSDO                                0x080034e9   Thumb Code   208  sdo.o(i.failedSDO)
    fputc                                    0x0800360d   Thumb Code    18  usart1.o(i.fputc)
    getElapsedTime                           0x08003629   Thumb Code    24  stm32_timer_canfestival.o(i.getElapsedTime)
    getNodeId                                0x08003649   Thumb Code     6  states.o(i.getNodeId)
    getSDOfreeLine                           0x08003651   Thumb Code    88  sdo.o(i.getSDOfreeLine)
    getSDOlineOnUse                          0x08003705   Thumb Code    76  sdo.o(i.getSDOlineOnUse)
    getSDOlineRestBytes                      0x08003751   Thumb Code    34  sdo.o(i.getSDOlineRestBytes)
    heartbeatInit                            0x08003775   Thumb Code   152  lifegrd.o(i.heartbeatInit)
    heartbeatStop                            0x0800387d   Thumb Code    64  lifegrd.o(i.heartbeatStop)
    initSDOline                              0x080038bd   Thumb Code   204  sdo.o(i.initSDOline)
    lineToSDO                                0x08003a01   Thumb Code   162  sdo.o(i.lineToSDO)
    main                                     0x08003b35   Thumb Code   748  main.o(i.main)
    masterSendNMTstateChange                 0x08003e45   Thumb Code    88  nmtmaster.o(i.masterSendNMTstateChange)
    objdictToSDOline                         0x08003ef9   Thumb Code   134  sdo.o(i.objdictToSDOline)
    proceedEMCY                              0x08003f85   Thumb Code    92  emcy.o(i.proceedEMCY)
    proceedLSS_Master                        0x08004051   Thumb Code   368  lss.o(i.proceedLSS_Master)
    proceedLSS_Slave                         0x0800428d   Thumb Code  3330  lss.o(i.proceedLSS_Slave)
    proceedNMTstateChange                    0x08005015   Thumb Code   364  nmtslave.o(i.proceedNMTstateChange)
    proceedNODE_GUARD                        0x080051f1   Thumb Code   356  lifegrd.o(i.proceedNODE_GUARD)
    proceedPDO                               0x08005421   Thumb Code  1874  pdo.o(i.proceedPDO)
    proceedSDO                               0x08005bed   Thumb Code 16092  sdo.o(i.proceedSDO)
    proceedSYNC                              0x08009b9d   Thumb Code    34  sync.o(i.proceedSYNC)
    resetSDO                                 0x08009bbf   Thumb Code    24  sdo.o(i.resetSDO)
    resetSDOline                             0x08009bd7   Thumb Code    62  sdo.o(i.resetSDOline)
    scanIndexOD                              0x08009c15   Thumb Code    18  objacces.o(i.scanIndexOD)
    sendOnePDOevent                          0x08009c29   Thumb Code   362  pdo.o(i.sendOnePDOevent)
    sendSDO                                  0x08009ef1   Thumb Code   200  sdo.o(i.sendSDO)
    sendSDOabort                             0x0800a031   Thumb Code    94  sdo.o(i.sendSDOabort)
    sendSlaveLSSMessage                      0x0800a0d9   Thumb Code   242  lss.o(i.sendSlaveLSSMessage)
    setNodeId                                0x0800a269   Thumb Code   356  states.o(i.setNodeId)
    setSDOlineRestBytes                      0x0800a3d1   Thumb Code    18  sdo.o(i.setSDOlineRestBytes)
    setState                                 0x0800a3e5   Thumb Code   200  states.o(i.setState)
    setTimer                                 0x0800a4b1   Thumb Code    26  stm32_timer_canfestival.o(i.setTimer)
    slaveSendBootUp                          0x0800a4d1   Thumb Code   124  nmtslave.o(i.slaveSendBootUp)
    startLSS                                 0x0800a5e5   Thumb Code    32  lss.o(i.startLSS)
    startSYNC                                0x0800a655   Thumb Code    88  sync.o(i.startSYNC)
    stopLSS                                  0x0800a6b5   Thumb Code    32  lss.o(i.stopLSS)
    stopSYNC                                 0x0800a725   Thumb Code    46  sync.o(i.stopSYNC)
    switchCommunicationState                 0x0800a755   Thumb Code   668  states.o(i.switchCommunicationState)
    TestMaster_iam_a_slave                   0x0800ab2c   Data           1  testmaster.o(.constdata)
    TestMaster_objdict                       0x0800ab30   Data         256  testmaster.o(.constdata)
    TestMaster_firstIndex                    0x0800ac30   Data          12  testmaster.o(.constdata)
    TestMaster_lastIndex                     0x0800ac3c   Data          12  testmaster.o(.constdata)
    TestMaster_ObjdictSize                   0x0800ac48   Data           2  testmaster.o(.constdata)
    Region$$Table$$Base                      0x0800b3a8   Number         0  anon$$obj.o(Region$$Table)
    Region$$Table$$Limit                     0x0800b3c8   Number         0  anon$$obj.o(Region$$Table)
    KeyState                                 0x20000000   Data           2  main.o(.data)
    KeyStateCnt                              0x20000002   Data           2  main.o(.data)
    motion                                   0x20000004   Data           2  main.o(.data)
    KeyStateOff                              0x20000006   Data           2  main.o(.data)
    KeyStateOffCnt                           0x20000008   Data           2  main.o(.data)
    leftspeedwr16                            0x2000000a   Data           2  main.o(.data)
    rightspeedwr16                           0x2000000c   Data           2  main.o(.data)
    leftspeedrd16                            0x2000000e   Data           2  main.o(.data)
    rightspeedrd16                           0x20000010   Data           2  main.o(.data)
    cnt                                      0x20000014   Data           4  main.o(.data)
    cob_id_index                             0x20000018   Data           4  main.o(.data)
    start                                    0x2000001c   Data           4  main.o(.data)
    delaycnt                                 0x20000020   Data           4  main.o(.data)
    delaycntMax                              0x20000024   Data           4  main.o(.data)
    LEDcnt                                   0x20000028   Data           4  main.o(.data)
    SystemCoreClock                          0x2000002c   Data           4  system_stm32f10x.o(.data)
    AHBPrescTable                            0x20000030   Data          16  system_stm32f10x.o(.data)
    USART_RX_STA                             0x20000044   Data           2  usart1.o(.data)
    __stdout                                 0x20000048   Data           4  usart1.o(.data)
    last_timer_raw                           0x2000004c   Data           2  timer_canfestival.o(.data)
    total_sleep_time                         0x20000050   Data           4  timer_canfestival.o(.data)
    CCR1_Val                                 0x20000054   Data           2  stm32_timer_canfestival.o(.data)
    CanreveiveFlag                           0x2000005c   Data           1  master_board.o(.data)
    InCnt                                    0x2000005e   Data           2  master_board.o(.data)
    tx_read                                  0x20000060   Data           4  master_board.o(.data)
    MasterBoard                              0x20000064   Data           8  master_board.o(.data)
    MasterMap1                               0x2000006c   Data           1  testmaster.o(.data)
    MasterMap2                               0x2000006d   Data           1  testmaster.o(.data)
    MasterMap3                               0x2000006e   Data           1  testmaster.o(.data)
    MasterMap4                               0x2000006f   Data           1  testmaster.o(.data)
    MasterMap5                               0x20000070   Data           1  testmaster.o(.data)
    MasterMap6                               0x20000071   Data           1  testmaster.o(.data)
    MasterMap7                               0x20000072   Data           1  testmaster.o(.data)
    MasterMap8                               0x20000073   Data           1  testmaster.o(.data)
    MasterMap9                               0x20000074   Data           1  testmaster.o(.data)
    MasterMap10                              0x20000078   Data           4  testmaster.o(.data)
    MasterMap11                              0x2000007c   Data           2  testmaster.o(.data)
    MasterMap12                              0x2000007e   Data           2  testmaster.o(.data)
    MasterMap13                              0x20000080   Data           2  testmaster.o(.data)
    TestMaster_bDeviceNodeId                 0x20000082   Data           1  testmaster.o(.data)
    TestMaster_heartBeatTimers               0x20000084   Data           2  testmaster.o(.data)
    TestMaster_obj1000                       0x20000088   Data           4  testmaster.o(.data)
    TestMaster_Index1000                     0x2000008c   Data          12  testmaster.o(.data)
    TestMaster_obj1001                       0x20000098   Data           1  testmaster.o(.data)
    TestMaster_Index1001                     0x2000009c   Data          12  testmaster.o(.data)
    TestMaster_highestSubIndex_obj1003       0x200000a8   Data           1  testmaster.o(.data)
    TestMaster_obj1003                       0x200000ac   Data           4  testmaster.o(.data)
    TestMaster_obj1005                       0x200000b0   Data           4  testmaster.o(.data)
    TestMaster_Index1005_callbacks           0x200000b4   Data           4  testmaster.o(.data)
    TestMaster_Index1006_callbacks           0x200000b8   Data           4  testmaster.o(.data)
    MasterMap1_callbacks                     0x200000bc   Data           4  testmaster.o(.data)
    TestMaster_Index1005                     0x200000c0   Data          12  testmaster.o(.data)
    TestMaster_obj1006                       0x200000cc   Data           4  testmaster.o(.data)
    TestMaster_Index1006                     0x200000d0   Data          12  testmaster.o(.data)
    TestMaster_highestSubIndex_obj1010       0x200000dc   Data           1  testmaster.o(.data)
    TestMaster_obj1010_Save_All_Parameters   0x200000e0   Data           4  testmaster.o(.data)
    TestMaster_obj1010_Save_Communication_Parameters 0x200000e4   Data           4  testmaster.o(.data)
    TestMaster_obj1010_Save_Application_Parameters 0x200000e8   Data           4  testmaster.o(.data)
    TestMaster_obj1010_Save_Manufacturer_Parameters_1 0x200000ec   Data           4  testmaster.o(.data)
    TestMaster_Index1010                     0x200000f0   Data          60  testmaster.o(.data)
    TestMaster_highestSubIndex_obj1011       0x2000012c   Data           1  testmaster.o(.data)
    TestMaster_obj1011_Restore_All_Default_Parameters 0x20000130   Data           4  testmaster.o(.data)
    TestMaster_obj1011_Restore_Communication_Default_Parameters 0x20000134   Data           4  testmaster.o(.data)
    TestMaster_obj1011_Restore_Application_Default_Parameters 0x20000138   Data           4  testmaster.o(.data)
    TestMaster_obj1011_Restore_Manufacturer_Defined_Default_Parameters_1 0x2000013c   Data           4  testmaster.o(.data)
    TestMaster_Index1011                     0x20000140   Data          60  testmaster.o(.data)
    TestMaster_obj1014                       0x2000017c   Data           4  testmaster.o(.data)
    TestMaster_Index1014                     0x20000180   Data          12  testmaster.o(.data)
    TestMaster_highestSubIndex_obj1016       0x2000018c   Data           1  testmaster.o(.data)
    TestMaster_obj1016                       0x20000190   Data           4  testmaster.o(.data)
    TestMaster_Index1016                     0x20000194   Data          24  testmaster.o(.data)
    TestMaster_obj1017                       0x200001ac   Data           2  testmaster.o(.data)
    TestMaster_highestSubIndex_obj1018       0x200001ae   Data           1  testmaster.o(.data)
    TestMaster_obj1018_Vendor_ID             0x200001b0   Data           4  testmaster.o(.data)
    TestMaster_obj1018_Product_Code          0x200001b4   Data           4  testmaster.o(.data)
    TestMaster_obj1018_Revision_Number       0x200001b8   Data           4  testmaster.o(.data)
    TestMaster_obj1018_Serial_Number         0x200001bc   Data           4  testmaster.o(.data)
    TestMaster_Index1018                     0x200001c0   Data          60  testmaster.o(.data)
    TestMaster_highestSubIndex_obj1280       0x200001fc   Data           1  testmaster.o(.data)
    TestMaster_obj1280_COB_ID_Client_to_Server_Transmit_SDO 0x20000200   Data           4  testmaster.o(.data)
    TestMaster_obj1280_COB_ID_Server_to_Client_Receive_SDO 0x20000204   Data           4  testmaster.o(.data)
    TestMaster_obj1280_Node_ID_of_the_SDO_Server 0x20000208   Data           1  testmaster.o(.data)
    TestMaster_Index1280                     0x2000020c   Data          48  testmaster.o(.data)
    TestMaster_highestSubIndex_obj1400       0x2000023c   Data           1  testmaster.o(.data)
    TestMaster_obj1400_COB_ID_used_by_PDO    0x20000240   Data           4  testmaster.o(.data)
    TestMaster_obj1400_Transmission_Type     0x20000244   Data           1  testmaster.o(.data)
    TestMaster_obj1400_Inhibit_Time          0x20000246   Data           2  testmaster.o(.data)
    TestMaster_obj1400_Compatibility_Entry   0x20000248   Data           1  testmaster.o(.data)
    TestMaster_obj1400_Event_Timer           0x2000024a   Data           2  testmaster.o(.data)
    TestMaster_Index1400                     0x2000024c   Data          72  testmaster.o(.data)
    TestMaster_highestSubIndex_obj1401       0x20000294   Data           1  testmaster.o(.data)
    TestMaster_obj1401_COB_ID_used_by_PDO    0x20000298   Data           4  testmaster.o(.data)
    TestMaster_obj1401_Transmission_Type     0x2000029c   Data           1  testmaster.o(.data)
    TestMaster_obj1401_Inhibit_Time          0x2000029e   Data           2  testmaster.o(.data)
    TestMaster_obj1401_Compatibility_Entry   0x200002a0   Data           1  testmaster.o(.data)
    TestMaster_obj1401_Event_Timer           0x200002a2   Data           2  testmaster.o(.data)
    TestMaster_Index1401                     0x200002a4   Data          72  testmaster.o(.data)
    TestMaster_highestSubIndex_obj1402       0x200002ec   Data           1  testmaster.o(.data)
    TestMaster_obj1402_COB_ID_used_by_PDO    0x200002f0   Data           4  testmaster.o(.data)
    TestMaster_obj1402_Transmission_Type     0x200002f4   Data           1  testmaster.o(.data)
    TestMaster_obj1402_Inhibit_Time          0x200002f6   Data           2  testmaster.o(.data)
    TestMaster_obj1402_Compatibility_Entry   0x200002f8   Data           1  testmaster.o(.data)
    TestMaster_obj1402_Event_Timer           0x200002fa   Data           2  testmaster.o(.data)
    TestMaster_Index1402                     0x200002fc   Data          72  testmaster.o(.data)
    TestMaster_highestSubIndex_obj1403       0x20000344   Data           1  testmaster.o(.data)
    TestMaster_obj1403_COB_ID_used_by_PDO    0x20000348   Data           4  testmaster.o(.data)
    TestMaster_obj1403_Transmission_Type     0x2000034c   Data           1  testmaster.o(.data)
    TestMaster_obj1403_Inhibit_Time          0x2000034e   Data           2  testmaster.o(.data)
    TestMaster_obj1403_Compatibility_Entry   0x20000350   Data           1  testmaster.o(.data)
    TestMaster_obj1403_Event_Timer           0x20000352   Data           2  testmaster.o(.data)
    TestMaster_Index1403                     0x20000354   Data          72  testmaster.o(.data)
    TestMaster_highestSubIndex_obj1600       0x2000039c   Data           1  testmaster.o(.data)
    TestMaster_obj1600                       0x200003a0   Data          40  testmaster.o(.data)
    TestMaster_Index1600                     0x200003c8   Data         132  testmaster.o(.data)
    TestMaster_highestSubIndex_obj1601       0x2000044c   Data           1  testmaster.o(.data)
    TestMaster_obj1601                       0x20000450   Data           4  testmaster.o(.data)
    TestMaster_Index1601                     0x20000454   Data          24  testmaster.o(.data)
    TestMaster_highestSubIndex_obj1602       0x2000046c   Data           1  testmaster.o(.data)
    TestMaster_obj1602                       0x20000470   Data           4  testmaster.o(.data)
    TestMaster_Index1602                     0x20000474   Data          24  testmaster.o(.data)
    TestMaster_highestSubIndex_obj1603       0x2000048c   Data           1  testmaster.o(.data)
    TestMaster_obj1603                       0x20000490   Data           4  testmaster.o(.data)
    TestMaster_Index1603                     0x20000494   Data          24  testmaster.o(.data)
    TestMaster_highestSubIndex_obj1F22       0x200004ac   Data           1  testmaster.o(.data)
    TestMaster_obj1F22                       0x200004b0   Data           8  testmaster.o(.data)
    TestMaster_Index1F22                     0x200004b8   Data          36  testmaster.o(.data)
    TestMaster_Index2000                     0x200004dc   Data          12  testmaster.o(.data)
    TestMaster_Index2001                     0x200004e8   Data          12  testmaster.o(.data)
    TestMaster_Index2002                     0x200004f4   Data          12  testmaster.o(.data)
    TestMaster_Index2003                     0x20000500   Data          12  testmaster.o(.data)
    TestMaster_Index2004                     0x2000050c   Data          12  testmaster.o(.data)
    TestMaster_Index2005                     0x20000518   Data          12  testmaster.o(.data)
    TestMaster_Index2006                     0x20000524   Data          12  testmaster.o(.data)
    TestMaster_Index2007                     0x20000530   Data          12  testmaster.o(.data)
    TestMaster_Index2008                     0x2000053c   Data          12  testmaster.o(.data)
    TestMaster_Index2009                     0x20000548   Data          12  testmaster.o(.data)
    TestMaster_Index200A                     0x20000554   Data          12  testmaster.o(.data)
    TestMaster_Index200B                     0x20000560   Data          12  testmaster.o(.data)
    TestMaster_Index200C                     0x2000056c   Data          12  testmaster.o(.data)
    TestMaster_PDO_status                    0x20000578   Data          18  testmaster.o(.data)
    TestMaster_Data                          0x2000058c   Data         860  testmaster.o(.data)
    msgtemp                                  0x200008e8   Data          12  main.o(.bss)
    USART_RX_BUF                             0x200008f4   Data         200  usart1.o(.bss)
    m_my                                     0x200009bc   Data          12  nmtslave.o(.bss)
    timers                                   0x200009c8   Data         192  timer_canfestival.o(.bss)
    m                                        0x20000a88   Data          12  master_board.o(.bss)
    TxMessage                                0x20000a94   Data          20  master_board.o(.bss)
    tx_msg_buf                               0x20000aa8   Data        2560  master_board.o(.bss)
    __libspace_start                         0x200014a8   Data          96  libspace.o(.bss)
    __temporary_stack_top$libspace           0x20001508   Data           0  libspace.o(.bss)



==============================================================================

Memory Map of the image

  Image Entry point : 0x08000131

  Load Region LR_IROM1 (Base: 0x08000000, Size: 0x0000bcb0, Max: 0x00010000, ABSOLUTE, COMPRESSED[0x0000b63c])

    Execution Region ER_IROM1 (Base: 0x08000000, Size: 0x0000b3c8, Max: 0x00010000, ABSOLUTE)

    Base Addr    Size         Type   Attr      Idx    E Section Name        Object

    0x08000000   0x00000130   Data   RO          355    RESET               startup_stm32f10x_hd.o
    0x08000130   0x00000008   Code   RO         3165  * !!!main             c_w.l(__main.o)
    0x08000138   0x00000034   Code   RO         3380    !!!scatter          c_w.l(__scatter.o)
    0x0800016c   0x0000005a   Code   RO         3378    !!dczerorl2         c_w.l(__dczerorl2.o)
    0x080001c6   0x00000002   PAD
    0x080001c8   0x0000001c   Code   RO         3382    !!handler_zi        c_w.l(__scatter_zi.o)
    0x080001e4   0x00000000   Code   RO         3156    .ARM.Collect$$_printf_percent$$00000000  c_w.l(_printf_percent.o)
    0x080001e4   0x00000006   Code   RO         3155    .ARM.Collect$$_printf_percent$$00000009  c_w.l(_printf_d.o)
    0x080001ea   0x00000006   Code   RO         3154    .ARM.Collect$$_printf_percent$$0000000C  c_w.l(_printf_x.o)
    0x080001f0   0x00000006   Code   RO         3153    .ARM.Collect$$_printf_percent$$00000014  c_w.l(_printf_s.o)
    0x080001f6   0x00000004   Code   RO         3203    .ARM.Collect$$_printf_percent$$00000017  c_w.l(_printf_percent_end.o)
    0x080001fa   0x00000002   Code   RO         3322    .ARM.Collect$$libinit$$00000000  c_w.l(libinit.o)
    0x080001fc   0x00000000   Code   RO         3209    .ARM.Collect$$libinit$$00000002  c_w.l(libinit2.o)
    0x080001fc   0x00000000   Code   RO         3211    .ARM.Collect$$libinit$$00000004  c_w.l(libinit2.o)
    0x080001fc   0x00000008   Code   RO         3212    .ARM.Collect$$libinit$$00000005  c_w.l(libinit2.o)
    0x08000204   0x00000000   Code   RO         3214    .ARM.Collect$$libinit$$0000000A  c_w.l(libinit2.o)
    0x08000204   0x00000000   Code   RO         3216    .ARM.Collect$$libinit$$0000000C  c_w.l(libinit2.o)
    0x08000204   0x00000000   Code   RO         3218    .ARM.Collect$$libinit$$0000000E  c_w.l(libinit2.o)
    0x08000204   0x00000000   Code   RO         3221    .ARM.Collect$$libinit$$00000011  c_w.l(libinit2.o)
    0x08000204   0x00000000   Code   RO         3223    .ARM.Collect$$libinit$$00000013  c_w.l(libinit2.o)
    0x08000204   0x00000000   Code   RO         3225    .ARM.Collect$$libinit$$00000015  c_w.l(libinit2.o)
    0x08000204   0x00000000   Code   RO         3227    .ARM.Collect$$libinit$$00000017  c_w.l(libinit2.o)
    0x08000204   0x00000000   Code   RO         3229    .ARM.Collect$$libinit$$00000019  c_w.l(libinit2.o)
    0x08000204   0x00000000   Code   RO         3231    .ARM.Collect$$libinit$$0000001B  c_w.l(libinit2.o)
    0x08000204   0x00000000   Code   RO         3233    .ARM.Collect$$libinit$$0000001D  c_w.l(libinit2.o)
    0x08000204   0x00000000   Code   RO         3235    .ARM.Collect$$libinit$$0000001F  c_w.l(libinit2.o)
    0x08000204   0x00000000   Code   RO         3237    .ARM.Collect$$libinit$$00000021  c_w.l(libinit2.o)
    0x08000204   0x00000000   Code   RO         3239    .ARM.Collect$$libinit$$00000023  c_w.l(libinit2.o)
    0x08000204   0x00000000   Code   RO         3241    .ARM.Collect$$libinit$$00000025  c_w.l(libinit2.o)
    0x08000204   0x00000000   Code   RO         3245    .ARM.Collect$$libinit$$0000002C  c_w.l(libinit2.o)
    0x08000204   0x00000000   Code   RO         3247    .ARM.Collect$$libinit$$0000002E  c_w.l(libinit2.o)
    0x08000204   0x00000000   Code   RO         3249    .ARM.Collect$$libinit$$00000030  c_w.l(libinit2.o)
    0x08000204   0x00000000   Code   RO         3251    .ARM.Collect$$libinit$$00000032  c_w.l(libinit2.o)
    0x08000204   0x00000002   Code   RO         3252    .ARM.Collect$$libinit$$00000033  c_w.l(libinit2.o)
    0x08000206   0x00000002   Code   RO         3375    .ARM.Collect$$libshutdown$$00000000  c_w.l(libshutdown.o)
    0x08000208   0x00000000   Code   RO         3335    .ARM.Collect$$libshutdown$$00000003  c_w.l(libshutdown2.o)
    0x08000208   0x00000000   Code   RO         3338    .ARM.Collect$$libshutdown$$00000006  c_w.l(libshutdown2.o)
    0x08000208   0x00000000   Code   RO         3341    .ARM.Collect$$libshutdown$$00000009  c_w.l(libshutdown2.o)
    0x08000208   0x00000000   Code   RO         3343    .ARM.Collect$$libshutdown$$0000000B  c_w.l(libshutdown2.o)
    0x08000208   0x00000000   Code   RO         3346    .ARM.Collect$$libshutdown$$0000000E  c_w.l(libshutdown2.o)
    0x08000208   0x00000002   Code   RO         3347    .ARM.Collect$$libshutdown$$0000000F  c_w.l(libshutdown2.o)
    0x0800020a   0x00000000   Code   RO         3171    .ARM.Collect$$rtentry$$00000000  c_w.l(__rtentry.o)
    0x0800020a   0x00000000   Code   RO         3259    .ARM.Collect$$rtentry$$00000002  c_w.l(__rtentry2.o)
    0x0800020a   0x00000006   Code   RO         3271    .ARM.Collect$$rtentry$$00000004  c_w.l(__rtentry4.o)
    0x08000210   0x00000000   Code   RO         3261    .ARM.Collect$$rtentry$$00000009  c_w.l(__rtentry2.o)
    0x08000210   0x00000004   Code   RO         3262    .ARM.Collect$$rtentry$$0000000A  c_w.l(__rtentry2.o)
    0x08000214   0x00000000   Code   RO         3264    .ARM.Collect$$rtentry$$0000000C  c_w.l(__rtentry2.o)
    0x08000214   0x00000008   Code   RO         3265    .ARM.Collect$$rtentry$$0000000D  c_w.l(__rtentry2.o)
    0x0800021c   0x00000002   Code   RO         3323    .ARM.Collect$$rtexit$$00000000  c_w.l(rtexit.o)
    0x0800021e   0x00000000   Code   RO         3349    .ARM.Collect$$rtexit$$00000002  c_w.l(rtexit2.o)
    0x0800021e   0x00000004   Code   RO         3350    .ARM.Collect$$rtexit$$00000003  c_w.l(rtexit2.o)
    0x08000222   0x00000006   Code   RO         3351    .ARM.Collect$$rtexit$$00000004  c_w.l(rtexit2.o)
    0x08000228   0x00000000   Code   RO         3275    .emb_text           c_w.l(maybetermalloc1.o)
    0x08000228   0x00000040   Code   RO          356    .text               startup_stm32f10x_hd.o
    0x08000268   0x00000002   Code   RO         3030    .text               c_w.l(use_no_semi_2.o)
    0x0800026a   0x0000005e   Code   RO         3038    .text               c_w.l(h1_alloc.o)
    0x080002c8   0x0000004e   Code   RO         3040    .text               c_w.l(h1_free.o)
    0x08000316   0x000000b8   Code   RO         3042    .text               c_w.l(h1_realloc.o)
    0x080003ce   0x00000002   PAD
    0x080003d0   0x00000018   Code   RO         3104    .text               c_w.l(noretval__2printf.o)
    0x080003e8   0x00000052   Code   RO         3108    .text               c_w.l(_printf_str.o)
    0x0800043a   0x00000002   PAD
    0x0800043c   0x00000078   Code   RO         3110    .text               c_w.l(_printf_dec.o)
    0x080004b4   0x00000058   Code   RO         3115    .text               c_w.l(_printf_hex_int.o)
    0x0800050c   0x000000b8   Code   RO         3136    .text               c_w.l(__printf_ss.o)
    0x080005c4   0x00000058   Code   RO         3157    .text               c_w.l(memcmp.o)
    0x0800061c   0x0000008a   Code   RO         3159    .text               c_w.l(rt_memcpy_v6.o)
    0x080006a6   0x00000006   Code   RO         3163    .text               c_w.l(heapauxi.o)
    0x080006ac   0x00000002   Code   RO         3167    .text               c_w.l(use_no_semi.o)
    0x080006ae   0x00000002   PAD
    0x080006b0   0x00000008   Code   RO         3175    .text               c_w.l(rt_heap_descriptor_intlibspace.o)
    0x080006b8   0x00000004   Code   RO         3177    .text               c_w.l(hguard.o)
    0x080006bc   0x0000008a   Code   RO         3179    .text               c_w.l(init_alloc.o)
    0x08000746   0x0000000e   Code   RO         3183    .text               c_w.l(h1_init.o)
    0x08000754   0x000000b2   Code   RO         3197    .text               c_w.l(_printf_intcommon.o)
    0x08000806   0x0000002c   Code   RO         3199    .text               c_w.l(_printf_char.o)
    0x08000832   0x00000002   PAD
    0x08000834   0x00000024   Code   RO         3201    .text               c_w.l(_printf_char_file.o)
    0x08000858   0x00000064   Code   RO         3204    .text               c_w.l(rt_memcpy_w.o)
    0x080008bc   0x00000008   Code   RO         3255    .text               c_w.l(libspace.o)
    0x080008c4   0x00000034   Code   RO         3277    .text               c_w.l(h1_extend.o)
    0x080008f8   0x00000030   Code   RO         3281    .text               c_w.l(_printf_char_common.o)
    0x08000928   0x00000008   Code   RO         3283    .text               c_w.l(ferror.o)
    0x08000930   0x0000000e   Code   RO         3287    .text               c_w.l(defsig_rtmem_outer.o)
    0x0800093e   0x0000004a   Code   RO         3299    .text               c_w.l(sys_stackheap_outer.o)
    0x08000988   0x0000000c   Code   RO         3307    .text               c_w.l(exit.o)
    0x08000994   0x0000000a   Code   RO         3309    .text               c_w.l(defsig_exit.o)
    0x0800099e   0x00000002   PAD
    0x080009a0   0x00000050   Code   RO         3311    .text               c_w.l(defsig_rtmem_inner.o)
    0x080009f0   0x00000032   Code   RO         3331    .text               c_w.l(defsig_general.o)
    0x08000a22   0x00000002   Code   RO          203    i.BusFault_Handler  stm32f10x_it.o
    0x08000a24   0x000000a8   Code   RO          509    i.CAN_ClearITPendingBit  stm32f10x_can.o
    0x08000acc   0x00000034   Code   RO         2769    i.CAN_Config        master_board.o
    0x08000b00   0x00000038   Code   RO          511    i.CAN_DeInit        stm32f10x_can.o
    0x08000b38   0x000000f8   Code   RO          513    i.CAN_FilterInit    stm32f10x_can.o
    0x08000c30   0x0000010c   Code   RO          515    i.CAN_GetITStatus   stm32f10x_can.o
    0x08000d3c   0x00000016   Code   RO          519    i.CAN_ITConfig      stm32f10x_can.o
    0x08000d52   0x00000112   Code   RO          520    i.CAN_Init          stm32f10x_can.o
    0x08000e64   0x0000001c   Code   RO          521    i.CAN_MessagePending  stm32f10x_can.o
    0x08000e80   0x000000ec   Code   RO          360    i.CAN_Mode_Init     direct_can.o
    0x08000f6c   0x000000be   Code   RO          523    i.CAN_Receive       stm32f10x_can.o
    0x0800102a   0x000000ea   Code   RO          528    i.CAN_Transmit      stm32f10x_can.o
    0x08001114   0x0000000c   Code   RO          531    i.CheckITStatus     stm32f10x_can.o
    0x08001120   0x00000028   Code   RO         1947    i.ConsumerHearbeatAlarm  lifegrd.o
    0x08001148   0x000000b4   Code   RO         2189    i.CopyBits          pdo.o
    0x080011fc   0x00000002   Code   RO          204    i.DebugMon_Handler  stm32f10x_it.o
    0x080011fe   0x00000002   PAD
    0x08001200   0x00000030   Code   RO         2597    i.DelAlarm          timer_canfestival.o
    0x08001230   0x000000ba   Code   RO          713    i.GPIO_Init         stm32f10x_gpio.o
    0x080012ea   0x00000002   PAD
    0x080012ec   0x0000007c   Code   RO          715    i.GPIO_PinRemapConfig  stm32f10x_gpio.o
    0x08001368   0x0000000e   Code   RO          717    i.GPIO_ReadInputDataBit  stm32f10x_gpio.o
    0x08001376   0x00000004   Code   RO          720    i.GPIO_ResetBits    stm32f10x_gpio.o
    0x0800137a   0x00000004   Code   RO          721    i.GPIO_SetBits      stm32f10x_gpio.o
    0x0800137e   0x00000002   Code   RO          205    i.HardFault_Handler  stm32f10x_it.o
    0x08001380   0x00000054   Code   RO            1    i.Key_Init          main.o
    0x080013d4   0x00000140   Code   RO         2016    i.LssAlarmSDELAY    lss.o
    0x08001514   0x00000002   Code   RO          206    i.MemManage_Handler  stm32f10x_it.o
    0x08001516   0x00000002   Code   RO          207    i.NMI_Handler       stm32f10x_it.o
    0x08001518   0x00000078   Code   RO          471    i.NVIC_Init         misc.o
    0x08001590   0x00000014   Code   RO          472    i.NVIC_PriorityGroupConfig  misc.o
    0x080015a4   0x0000000a   Code   RO         2537    i.OnCOB_ID_SyncUpdate  sync.o
    0x080015ae   0x00000014   Code   RO         1948    i.OnHeartbeatProducerUpdate  lifegrd.o
    0x080015c2   0x0000002c   Code   RO         1895    i.OnNumberOfErrorsUpdate  emcy.o
    0x080015ee   0x00000030   Code   RO         2190    i.PDOEventTimerAlarm  pdo.o
    0x0800161e   0x0000002e   Code   RO         2191    i.PDOInhibitTimerAlarm  pdo.o
    0x0800164c   0x0000005c   Code   RO         2192    i.PDOInit           pdo.o
    0x080016a8   0x00000070   Code   RO         2193    i.PDOStop           pdo.o
    0x08001718   0x00000002   Code   RO          208    i.PendSV_Handler    stm32f10x_it.o
    0x0800171a   0x00000002   PAD
    0x0800171c   0x000000bc   Code   RO         1949    i.ProducerHearbeatAlarm  lifegrd.o
    0x080017d8   0x0000001c   Code   RO          823    i.RCC_APB1PeriphClockCmd  stm32f10x_rcc.o
    0x080017f4   0x0000001c   Code   RO          824    i.RCC_APB1PeriphResetCmd  stm32f10x_rcc.o
    0x08001810   0x0000001c   Code   RO          825    i.RCC_APB2PeriphClockCmd  stm32f10x_rcc.o
    0x0800182c   0x0000005c   Code   RO            2    i.RCC_Config        main.o
    0x08001888   0x00000018   Code   RO         2775    i.RCC_Configuration  master_board.o
    0x080018a0   0x00000040   Code   RO          832    i.RCC_DeInit        stm32f10x_rcc.o
    0x080018e0   0x00000030   Code   RO          834    i.RCC_GetFlagStatus  stm32f10x_rcc.o
    0x08001910   0x00000010   Code   RO          836    i.RCC_GetSYSCLKSource  stm32f10x_rcc.o
    0x08001920   0x00000014   Code   RO          837    i.RCC_HCLKConfig    stm32f10x_rcc.o
    0x08001934   0x00000038   Code   RO          838    i.RCC_HSEConfig     stm32f10x_rcc.o
    0x0800196c   0x0000000c   Code   RO          839    i.RCC_HSICmd        stm32f10x_rcc.o
    0x08001978   0x00000014   Code   RO          844    i.RCC_PCLK1Config   stm32f10x_rcc.o
    0x0800198c   0x00000014   Code   RO          845    i.RCC_PCLK2Config   stm32f10x_rcc.o
    0x080019a0   0x0000000c   Code   RO          846    i.RCC_PLLCmd        stm32f10x_rcc.o
    0x080019ac   0x00000014   Code   RO          847    i.RCC_PLLConfig     stm32f10x_rcc.o
    0x080019c0   0x00000014   Code   RO          850    i.RCC_SYSCLKConfig  stm32f10x_rcc.o
    0x080019d4   0x0000002e   Code   RO          852    i.RCC_WaitForHSEStartUp  stm32f10x_rcc.o
    0x08001a02   0x00000028   Code   RO         2147    i.RegisterSetODentryCallBack  objacces.o
    0x08001a2a   0x00000002   PAD
    0x08001a2c   0x00000088   Code   RO         2280    i.SDOTimeoutAlarm   sdo.o
    0x08001ab4   0x00000060   Code   RO         2281    i.SDOlineToObjdict  sdo.o
    0x08001b14   0x00000158   Code   RO         2282    i.SDOtoLine         sdo.o
    0x08001c6c   0x00000002   Code   RO          209    i.SVC_Handler       stm32f10x_it.o
    0x08001c6e   0x00000002   PAD
    0x08001c70   0x0000009c   Code   RO         2598    i.SetAlarm          timer_canfestival.o
    0x08001d0c   0x00000004   Code   RO          266    i.SetSysClock       system_stm32f10x.o
    0x08001d10   0x000000b4   Code   RO          267    i.SetSysClockTo72   system_stm32f10x.o
    0x08001dc4   0x00000002   Code   RO         2538    i.SyncAlarm         sync.o
    0x08001dc6   0x0000001c   Code   RO          475    i.SysTick_CLKSourceConfig  misc.o
    0x08001de2   0x00000002   Code   RO          210    i.SysTick_Handler   stm32f10x_it.o
    0x08001de4   0x00000050   Code   RO          269    i.SystemInit        system_stm32f10x.o
    0x08001e34   0x00000034   Code   RO         2632    i.TIM4_IRQHandler   stm32_timer_canfestival.o
    0x08001e68   0x00000006   Code   RO         1212    i.TIM_ClearITPendingBit  stm32f10x_tim.o
    0x08001e6e   0x00000004   Code   RO         1232    i.TIM_GetCapture1   stm32f10x_tim.o
    0x08001e72   0x00000004   Code   RO         1236    i.TIM_GetCounter    stm32f10x_tim.o
    0x08001e76   0x00000016   Code   RO         1238    i.TIM_GetITStatus   stm32f10x_tim.o
    0x08001e8c   0x00000004   Code   RO         1278    i.TIM_SetCompare1   stm32f10x_tim.o
    0x08001e90   0x0000006e   Code   RO         2194    i.TPDO_Communication_Parameter_Callback  pdo.o
    0x08001efe   0x00000002   PAD
    0x08001f00   0x00000194   Code   RO         2882    i.TestMaster_scanIndexOD  testmaster.o
    0x08002094   0x00000014   Code   RO         2883    i.TestMaster_valueRangeTest  testmaster.o
    0x080020a8   0x000000b4   Code   RO         2599    i.TimeDispatch      timer_canfestival.o
    0x0800215c   0x00000070   Code   RO          420    i.USART1_IRQHandler  usart1.o
    0x080021cc   0x00000048   Code   RO         1029    i.USART_GetITStatus  stm32f10x_usart.o
    0x08002214   0x00000008   Code   RO         1039    i.USART_ReceiveData  stm32f10x_usart.o
    0x0800221c   0x00000084   Code   RO         2776    i.USB_LP_CAN1_RX0_IRQHandler  master_board.o
    0x080022a0   0x00000002   Code   RO          211    i.UsageFault_Handler  stm32f10x_it.o
    0x080022a2   0x00000002   PAD
    0x080022a4   0x00000050   Code   RO            5    i.WriteSpeed1       main.o
    0x080022f4   0x00000002   Code   RO         2195    i._RxPDO_EventTimers_Handler  pdo.o
    0x080022f6   0x00000002   PAD
    0x080022f8   0x00000170   Code   RO         2148    i._getODentry       objacces.o
    0x08002468   0x00000002   Code   RO         1950    i._heartbeatError   lifegrd.o
    0x0800246a   0x00000002   Code   RO         2470    i._initialisation   states.o
    0x0800246c   0x00000002   Code   RO         2471    i._operational      states.o
    0x0800246e   0x00000002   Code   RO         1951    i._post_SlaveBootup  lifegrd.o
    0x08002470   0x00000002   Code   RO         1952    i._post_SlaveStateChange  lifegrd.o
    0x08002472   0x00000002   Code   RO         2539    i._post_TPDO        sync.o
    0x08002474   0x00000002   Code   RO         1896    i._post_emcy        emcy.o
    0x08002476   0x00000002   Code   RO         2540    i._post_sync        sync.o
    0x08002478   0x00000002   Code   RO         2472    i._preOperational   states.o
    0x0800247a   0x00000002   PAD
    0x0800247c   0x00000350   Code   RO         2196    i._sendPDOevent     pdo.o
    0x080027cc   0x00000418   Code   RO         2149    i._setODentry       objacces.o
    0x08002be4   0x00000002   Code   RO         2473    i._stopped          states.o
    0x08002be6   0x00000002   Code   RO         2150    i._storeODSubIndex  objacces.o
    0x08002be8   0x00000002   Code   RO          421    i._sys_exit         usart1.o
    0x08002bea   0x00000002   Code   RO          422    i._ttywrch          usart1.o
    0x08002bec   0x000002ec   Code   RO         2151    i.accessDictionaryError  objacces.o
    0x08002ed8   0x0000029c   Code   RO         2197    i.buildPDO          pdo.o
    0x08003174   0x00000086   Code   RO         2474    i.canDispatch       states.o
    0x080031fa   0x00000002   PAD
    0x080031fc   0x00000054   Code   RO         2777    i.canReceive        master_board.o
    0x08003250   0x00000210   Code   RO         2778    i.canSend           master_board.o
    0x08003460   0x0000000e   Code   RO         2779    i.can_master_init   master_board.o
    0x0800346e   0x00000004   Code   RO         2780    i.can_recv_thread   master_board.o
    0x08003472   0x00000002   PAD
    0x08003474   0x0000003c   Code   RO          300    i.delay_init        delay.o
    0x080034b0   0x00000014   Code   RO            6    i.delay_ns          main.o
    0x080034c4   0x00000020   Code   RO         1897    i.emergencyInit     emcy.o
    0x080034e4   0x00000002   Code   RO         1898    i.emergencyStop     emcy.o
    0x080034e6   0x00000002   PAD
    0x080034e8   0x00000124   Code   RO         2286    i.failedSDO         sdo.o
    0x0800360c   0x0000001c   Code   RO          423    i.fputc             usart1.o
    0x08003628   0x00000020   Code   RO         2634    i.getElapsedTime    stm32_timer_canfestival.o
    0x08003648   0x00000006   Code   RO         2475    i.getNodeId         states.o
    0x0800364e   0x00000002   PAD
    0x08003650   0x000000b4   Code   RO         2288    i.getSDOfreeLine    sdo.o
    0x08003704   0x0000004c   Code   RO         2289    i.getSDOlineOnUse   sdo.o
    0x08003750   0x00000022   Code   RO         2290    i.getSDOlineRestBytes  sdo.o
    0x08003772   0x00000002   PAD
    0x08003774   0x00000108   Code   RO         1954    i.heartbeatInit     lifegrd.o
    0x0800387c   0x00000040   Code   RO         1955    i.heartbeatStop     lifegrd.o
    0x080038bc   0x00000144   Code   RO         2293    i.initSDOline       sdo.o
    0x08003a00   0x00000134   Code   RO         2294    i.lineToSDO         sdo.o
    0x08003b34   0x00000310   Code   RO            7    i.main              main.o
    0x08003e44   0x000000b4   Code   RO         2104    i.masterSendNMTstateChange  nmtmaster.o
    0x08003ef8   0x0000008c   Code   RO         2295    i.objdictToSDOline  sdo.o
    0x08003f84   0x000000cc   Code   RO         1899    i.proceedEMCY       emcy.o
    0x08004050   0x0000023c   Code   RO         2020    i.proceedLSS_Master  lss.o
    0x0800428c   0x00000d88   Code   RO         2021    i.proceedLSS_Slave  lss.o
    0x08005014   0x000001dc   Code   RO         2126    i.proceedNMTstateChange  nmtslave.o
    0x080051f0   0x00000230   Code   RO         1956    i.proceedNODE_GUARD  lifegrd.o
    0x08005420   0x000007cc   Code   RO         2198    i.proceedPDO        pdo.o
    0x08005bec   0x00003fb0   Code   RO         2296    i.proceedSDO        sdo.o
    0x08009b9c   0x00000022   Code   RO         2541    i.proceedSYNC       sync.o
    0x08009bbe   0x00000018   Code   RO         2300    i.resetSDO          sdo.o
    0x08009bd6   0x0000003e   Code   RO         2301    i.resetSDOline      sdo.o
    0x08009c14   0x00000012   Code   RO         2152    i.scanIndexOD       objacces.o
    0x08009c26   0x00000002   PAD
    0x08009c28   0x00000208   Code   RO         2199    i.sendOnePDOevent   pdo.o
    0x08009e30   0x000000c0   Code   RO         2202    i.sendPdo           pdo.o
    0x08009ef0   0x00000140   Code   RO         2302    i.sendSDO           sdo.o
    0x0800a030   0x000000a8   Code   RO         2303    i.sendSDOabort      sdo.o
    0x0800a0d8   0x00000190   Code   RO         2024    i.sendSlaveLSSMessage  lss.o
    0x0800a268   0x00000168   Code   RO         2477    i.setNodeId         states.o
    0x0800a3d0   0x00000012   Code   RO         2304    i.setSDOlineRestBytes  sdo.o
    0x0800a3e2   0x00000002   PAD
    0x0800a3e4   0x000000cc   Code   RO         2478    i.setState          states.o
    0x0800a4b0   0x00000020   Code   RO         2635    i.setTimer          stm32_timer_canfestival.o
    0x0800a4d0   0x00000114   Code   RO         2127    i.slaveSendBootUp   nmtslave.o
    0x0800a5e4   0x00000070   Code   RO         2025    i.startLSS          lss.o
    0x0800a654   0x00000060   Code   RO         2544    i.startSYNC         sync.o
    0x0800a6b4   0x00000070   Code   RO         2026    i.stopLSS           lss.o
    0x0800a724   0x0000002e   Code   RO         2545    i.stopSYNC          sync.o
    0x0800a752   0x00000002   PAD
    0x0800a754   0x00000398   Code   RO         2479    i.switchCommunicationState  states.o
    0x0800aaec   0x00000040   Data   RO         2480    .constdata          states.o
    0x0800ab2c   0x00000001   Data   RO         2884    .constdata          testmaster.o
    0x0800ab2d   0x00000003   PAD
    0x0800ab30   0x00000100   Data   RO         2885    .constdata          testmaster.o
    0x0800ac30   0x0000000c   Data   RO         2886    .constdata          testmaster.o
    0x0800ac3c   0x0000000c   Data   RO         2887    .constdata          testmaster.o
    0x0800ac48   0x00000002   Data   RO         2888    .constdata          testmaster.o
    0x0800ac4a   0x00000028   Data   RO         3116    .constdata          c_w.l(_printf_hex_int.o)
    0x0800ac72   0x00000002   PAD
    0x0800ac74   0x00000044   Data   RO         2203    .conststring        pdo.o
    0x0800acb8   0x000006ce   Data   RO         2308    .conststring        sdo.o
    0x0800b386   0x00000002   PAD
    0x0800b388   0x00000007   Data   RO         2788    .conststring        master_board.o
    0x0800b38f   0x00000001   PAD
    0x0800b390   0x00000005   Data   RO         2890    .conststring        testmaster.o
    0x0800b395   0x00000003   PAD
    0x0800b398   0x0000000e   Data   RO         2891    .conststrlit        testmaster.o
    0x0800b3a6   0x00000002   PAD
    0x0800b3a8   0x00000020   Data   RO         3376    Region$$Table       anon$$obj.o


    Execution Region RW_IRAM1 (Base: 0x20000000, Size: 0x00001b08, Max: 0x00005000, ABSOLUTE, COMPRESSED[0x00000274])

    Base Addr    Size         Type   Attr      Idx    E Section Name        Object

    0x20000000   0x0000002c   Data   RW            9    .data               main.o
    0x2000002c   0x00000014   Data   RW          270    .data               system_stm32f10x.o
    0x20000040   0x00000004   Data   RW          303    .data               delay.o
    0x20000044   0x00000002   Data   RW          426    .data               usart1.o
    0x20000046   0x00000002   PAD
    0x20000048   0x00000004   Data   RW          427    .data               usart1.o
    0x2000004c   0x00000008   Data   RW         2601    .data               timer_canfestival.o
    0x20000054   0x00000008   Data   RW         2636    .data               stm32_timer_canfestival.o
    0x2000005c   0x00000010   Data   RW         2789    .data               master_board.o
    0x2000006c   0x00000001   Data   RW         2892    .data               testmaster.o
    0x2000006d   0x00000001   Data   RW         2893    .data               testmaster.o
    0x2000006e   0x00000001   Data   RW         2894    .data               testmaster.o
    0x2000006f   0x00000001   Data   RW         2895    .data               testmaster.o
    0x20000070   0x00000001   Data   RW         2896    .data               testmaster.o
    0x20000071   0x00000001   Data   RW         2897    .data               testmaster.o
    0x20000072   0x00000001   Data   RW         2898    .data               testmaster.o
    0x20000073   0x00000001   Data   RW         2899    .data               testmaster.o
    0x20000074   0x00000001   Data   RW         2900    .data               testmaster.o
    0x20000075   0x00000003   PAD
    0x20000078   0x00000004   Data   RW         2901    .data               testmaster.o
    0x2000007c   0x00000002   Data   RW         2902    .data               testmaster.o
    0x2000007e   0x00000002   Data   RW         2903    .data               testmaster.o
    0x20000080   0x00000002   Data   RW         2904    .data               testmaster.o
    0x20000082   0x00000001   Data   RW         2905    .data               testmaster.o
    0x20000083   0x00000001   PAD
    0x20000084   0x00000002   Data   RW         2906    .data               testmaster.o
    0x20000086   0x00000002   PAD
    0x20000088   0x00000004   Data   RW         2907    .data               testmaster.o
    0x2000008c   0x0000000c   Data   RW         2908    .data               testmaster.o
    0x20000098   0x00000001   Data   RW         2909    .data               testmaster.o
    0x20000099   0x00000003   PAD
    0x2000009c   0x0000000c   Data   RW         2910    .data               testmaster.o
    0x200000a8   0x00000001   Data   RW         2911    .data               testmaster.o
    0x200000a9   0x00000003   PAD
    0x200000ac   0x00000004   Data   RW         2912    .data               testmaster.o
    0x200000b0   0x00000004   Data   RW         2915    .data               testmaster.o
    0x200000b4   0x0000000c   Data   RW         2916    .data               testmaster.o
    0x200000c0   0x0000000c   Data   RW         2917    .data               testmaster.o
    0x200000cc   0x00000004   Data   RW         2918    .data               testmaster.o
    0x200000d0   0x0000000c   Data   RW         2919    .data               testmaster.o
    0x200000dc   0x00000001   Data   RW         2920    .data               testmaster.o
    0x200000dd   0x00000003   PAD
    0x200000e0   0x00000004   Data   RW         2921    .data               testmaster.o
    0x200000e4   0x00000004   Data   RW         2922    .data               testmaster.o
    0x200000e8   0x00000004   Data   RW         2923    .data               testmaster.o
    0x200000ec   0x00000004   Data   RW         2924    .data               testmaster.o
    0x200000f0   0x0000003c   Data   RW         2925    .data               testmaster.o
    0x2000012c   0x00000001   Data   RW         2926    .data               testmaster.o
    0x2000012d   0x00000003   PAD
    0x20000130   0x00000004   Data   RW         2927    .data               testmaster.o
    0x20000134   0x00000004   Data   RW         2928    .data               testmaster.o
    0x20000138   0x00000004   Data   RW         2929    .data               testmaster.o
    0x2000013c   0x00000004   Data   RW         2930    .data               testmaster.o
    0x20000140   0x0000003c   Data   RW         2931    .data               testmaster.o
    0x2000017c   0x00000004   Data   RW         2932    .data               testmaster.o
    0x20000180   0x0000000c   Data   RW         2933    .data               testmaster.o
    0x2000018c   0x00000001   Data   RW         2934    .data               testmaster.o
    0x2000018d   0x00000003   PAD
    0x20000190   0x00000004   Data   RW         2935    .data               testmaster.o
    0x20000194   0x00000018   Data   RW         2936    .data               testmaster.o
    0x200001ac   0x00000002   Data   RW         2937    .data               testmaster.o
    0x200001ae   0x00000001   Data   RW         2938    .data               testmaster.o
    0x200001af   0x00000001   PAD
    0x200001b0   0x00000004   Data   RW         2939    .data               testmaster.o
    0x200001b4   0x00000004   Data   RW         2940    .data               testmaster.o
    0x200001b8   0x00000004   Data   RW         2941    .data               testmaster.o
    0x200001bc   0x00000004   Data   RW         2942    .data               testmaster.o
    0x200001c0   0x0000003c   Data   RW         2943    .data               testmaster.o
    0x200001fc   0x00000001   Data   RW         2944    .data               testmaster.o
    0x200001fd   0x00000003   PAD
    0x20000200   0x00000004   Data   RW         2945    .data               testmaster.o
    0x20000204   0x00000004   Data   RW         2946    .data               testmaster.o
    0x20000208   0x00000001   Data   RW         2947    .data               testmaster.o
    0x20000209   0x00000003   PAD
    0x2000020c   0x00000030   Data   RW         2948    .data               testmaster.o
    0x2000023c   0x00000001   Data   RW         2949    .data               testmaster.o
    0x2000023d   0x00000003   PAD
    0x20000240   0x00000004   Data   RW         2950    .data               testmaster.o
    0x20000244   0x00000001   Data   RW         2951    .data               testmaster.o
    0x20000245   0x00000001   PAD
    0x20000246   0x00000002   Data   RW         2952    .data               testmaster.o
    0x20000248   0x00000001   Data   RW         2953    .data               testmaster.o
    0x20000249   0x00000001   PAD
    0x2000024a   0x00000002   Data   RW         2954    .data               testmaster.o
    0x2000024c   0x00000048   Data   RW         2955    .data               testmaster.o
    0x20000294   0x00000001   Data   RW         2956    .data               testmaster.o
    0x20000295   0x00000003   PAD
    0x20000298   0x00000004   Data   RW         2957    .data               testmaster.o
    0x2000029c   0x00000001   Data   RW         2958    .data               testmaster.o
    0x2000029d   0x00000001   PAD
    0x2000029e   0x00000002   Data   RW         2959    .data               testmaster.o
    0x200002a0   0x00000001   Data   RW         2960    .data               testmaster.o
    0x200002a1   0x00000001   PAD
    0x200002a2   0x00000002   Data   RW         2961    .data               testmaster.o
    0x200002a4   0x00000048   Data   RW         2962    .data               testmaster.o
    0x200002ec   0x00000001   Data   RW         2963    .data               testmaster.o
    0x200002ed   0x00000003   PAD
    0x200002f0   0x00000004   Data   RW         2964    .data               testmaster.o
    0x200002f4   0x00000001   Data   RW         2965    .data               testmaster.o
    0x200002f5   0x00000001   PAD
    0x200002f6   0x00000002   Data   RW         2966    .data               testmaster.o
    0x200002f8   0x00000001   Data   RW         2967    .data               testmaster.o
    0x200002f9   0x00000001   PAD
    0x200002fa   0x00000002   Data   RW         2968    .data               testmaster.o
    0x200002fc   0x00000048   Data   RW         2969    .data               testmaster.o
    0x20000344   0x00000001   Data   RW         2970    .data               testmaster.o
    0x20000345   0x00000003   PAD
    0x20000348   0x00000004   Data   RW         2971    .data               testmaster.o
    0x2000034c   0x00000001   Data   RW         2972    .data               testmaster.o
    0x2000034d   0x00000001   PAD
    0x2000034e   0x00000002   Data   RW         2973    .data               testmaster.o
    0x20000350   0x00000001   Data   RW         2974    .data               testmaster.o
    0x20000351   0x00000001   PAD
    0x20000352   0x00000002   Data   RW         2975    .data               testmaster.o
    0x20000354   0x00000048   Data   RW         2976    .data               testmaster.o
    0x2000039c   0x00000001   Data   RW         2977    .data               testmaster.o
    0x2000039d   0x00000003   PAD
    0x200003a0   0x00000028   Data   RW         2978    .data               testmaster.o
    0x200003c8   0x00000084   Data   RW         2979    .data               testmaster.o
    0x2000044c   0x00000001   Data   RW         2980    .data               testmaster.o
    0x2000044d   0x00000003   PAD
    0x20000450   0x00000004   Data   RW         2981    .data               testmaster.o
    0x20000454   0x00000018   Data   RW         2982    .data               testmaster.o
    0x2000046c   0x00000001   Data   RW         2983    .data               testmaster.o
    0x2000046d   0x00000003   PAD
    0x20000470   0x00000004   Data   RW         2984    .data               testmaster.o
    0x20000474   0x00000018   Data   RW         2985    .data               testmaster.o
    0x2000048c   0x00000001   Data   RW         2986    .data               testmaster.o
    0x2000048d   0x00000003   PAD
    0x20000490   0x00000004   Data   RW         2987    .data               testmaster.o
    0x20000494   0x00000018   Data   RW         2988    .data               testmaster.o
    0x200004ac   0x00000001   Data   RW         2989    .data               testmaster.o
    0x200004ad   0x00000003   PAD
    0x200004b0   0x00000008   Data   RW         2990    .data               testmaster.o
    0x200004b8   0x00000024   Data   RW         2991    .data               testmaster.o
    0x200004dc   0x0000000c   Data   RW         2992    .data               testmaster.o
    0x200004e8   0x0000000c   Data   RW         2993    .data               testmaster.o
    0x200004f4   0x0000000c   Data   RW         2994    .data               testmaster.o
    0x20000500   0x0000000c   Data   RW         2995    .data               testmaster.o
    0x2000050c   0x0000000c   Data   RW         2996    .data               testmaster.o
    0x20000518   0x0000000c   Data   RW         2997    .data               testmaster.o
    0x20000524   0x0000000c   Data   RW         2998    .data               testmaster.o
    0x20000530   0x0000000c   Data   RW         2999    .data               testmaster.o
    0x2000053c   0x0000000c   Data   RW         3000    .data               testmaster.o
    0x20000548   0x0000000c   Data   RW         3001    .data               testmaster.o
    0x20000554   0x0000000c   Data   RW         3002    .data               testmaster.o
    0x20000560   0x0000000c   Data   RW         3003    .data               testmaster.o
    0x2000056c   0x0000000c   Data   RW         3004    .data               testmaster.o
    0x20000578   0x00000012   Data   RW         3005    .data               testmaster.o
    0x2000058a   0x00000002   PAD
    0x2000058c   0x0000035c   Data   RW         3006    .data               testmaster.o
    0x200008e8   0x0000000c   Zero   RW            8    .bss                main.o
    0x200008f4   0x000000c8   Zero   RW          425    .bss                usart1.o
    0x200009bc   0x0000000c   Zero   RW         2128    .bss                nmtslave.o
    0x200009c8   0x000000c0   Zero   RW         2600    .bss                timer_canfestival.o
    0x20000a88   0x00000a20   Zero   RW         2783    .bss                master_board.o
    0x200014a8   0x00000060   Zero   RW         3256    .bss                c_w.l(libspace.o)
    0x20001508   0x00000200   Zero   RW          354    HEAP                startup_stm32f10x_hd.o
    0x20001708   0x00000400   Zero   RW          353    STACK               startup_stm32f10x_hd.o


==============================================================================

Image component sizes


      Code (inc. data)   RO Data    RW Data    ZI Data      Debug   Object Name

         0          0          0          0          0      12148   dcf.o
        60         14          0          4          0        573   delay.o
       236         10          0          0          0     212576   direct_can.o
       284        116          0          0          0       2776   emcy.o
      1142        402          0          0          0       5939   lifegrd.o
      4980       1870          0          0          0       8823   lss.o
      1060         58          0         44         12     268391   main.o
       838        284          7         16       2592       5974   master_board.o
       168         10          0          0          0       2201   misc.o
       180         92          0          0          0        783   nmtmaster.o
       752        264          0          0         12       2477   nmtslave.o
      2224        914          0          0          0       7322   objacces.o
      4814       1444         68          0          0      13834   pdo.o
     18826       4350       1742          0          0      30981   sdo.o
        64         26        304          0       1536        788   startup_stm32f10x_hd.o
      1632        276         64          0          0       7458   states.o
       116         22          0          8          0       2441   stm32_timer_canfestival.o
      1500         28          0          0          0       8516   stm32f10x_can.o
       332          4          0          0          0       4654   stm32f10x_gpio.o
        18          0          0          0          0       3462   stm32f10x_it.o
       438         76          0          0          0      10800   stm32f10x_rcc.o
        40          0          0          0          0       3311   stm32f10x_tim.o
        80          0          0          0          0       2872   stm32f10x_usart.o
       192          8          0          0          0       3313   sync.o
         0          0          0          0          0         32   sys.o
       264         22          0         20          0       1933   system_stm32f10x.o
       424         34        302       2107          0      11438   testmaster.o
       384         28          0          8        192       3958   timer_canfestival.o
       144         24          0          6        200       3751   usart1.o

    ----------------------------------------------------------------------
     41226      10376       2530       2280       4544     643525   Object Totals
         0          0         32          0          0          0   (incl. Generated)
        34          0         11         67          0          0   (incl. Padding)

    ----------------------------------------------------------------------

      Code (inc. data)   RO Data    RW Data    ZI Data      Debug   Library Member Name

        90          0          0          0          0          0   __dczerorl2.o
         8          0          0          0          0         68   __main.o
       184          0          0          0          0         84   __printf_ss.o
         0          0          0          0          0          0   __rtentry.o
        12          0          0          0          0          0   __rtentry2.o
         6          0          0          0          0          0   __rtentry4.o
        52          8          0          0          0          0   __scatter.o
        28          0          0          0          0          0   __scatter_zi.o
        44          0          0          0          0        108   _printf_char.o
        48          6          0          0          0         96   _printf_char_common.o
        36          4          0          0          0         80   _printf_char_file.o
         6          0          0          0          0          0   _printf_d.o
       120         16          0          0          0         92   _printf_dec.o
        88          4         40          0          0         88   _printf_hex_int.o
       178          0          0          0          0         88   _printf_intcommon.o
         0          0          0          0          0          0   _printf_percent.o
         4          0          0          0          0          0   _printf_percent_end.o
         6          0          0          0          0          0   _printf_s.o
        82          0          0          0          0         80   _printf_str.o
         6          0          0          0          0          0   _printf_x.o
        10          0          0          0          0         68   defsig_exit.o
        50          0          0          0          0         88   defsig_general.o
        80         58          0          0          0         76   defsig_rtmem_inner.o
        14          0          0          0          0         80   defsig_rtmem_outer.o
        12          0          0          0          0         72   exit.o
         8          0          0          0          0         68   ferror.o
        94          0          0          0          0         80   h1_alloc.o
        52          0          0          0          0         68   h1_extend.o
        78          0          0          0          0         80   h1_free.o
        14          0          0          0          0         84   h1_init.o
       184          0          0          0          0         92   h1_realloc.o
         6          0          0          0          0        152   heapauxi.o
         4          0          0          0          0        136   hguard.o
       138          0          0          0          0        168   init_alloc.o
         2          0          0          0          0          0   libinit.o
        10          0          0          0          0          0   libinit2.o
         2          0          0          0          0          0   libshutdown.o
         2          0          0          0          0          0   libshutdown2.o
         8          4          0          0         96         68   libspace.o
         0          0          0          0          0          0   maybetermalloc1.o
        88          0          0          0          0         76   memcmp.o
        24          4          0          0          0         84   noretval__2printf.o
         8          4          0          0          0         68   rt_heap_descriptor_intlibspace.o
       138          0          0          0          0         68   rt_memcpy_v6.o
       100          0          0          0          0         80   rt_memcpy_w.o
         2          0          0          0          0          0   rtexit.o
        10          0          0          0          0          0   rtexit2.o
        74          0          0          0          0         80   sys_stackheap_outer.o
         2          0          0          0          0         68   use_no_semi.o
         2          0          0          0          0         68   use_no_semi_2.o

    ----------------------------------------------------------------------
      2226        108         42          0         96       2756   Library Totals
        12          0          2          0          0          0   (incl. Padding)

    ----------------------------------------------------------------------

      Code (inc. data)   RO Data    RW Data    ZI Data      Debug   Library Name

      2214        108         40          0         96       2756   c_w.l

    ----------------------------------------------------------------------
      2226        108         42          0         96       2756   Library Totals

    ----------------------------------------------------------------------

==============================================================================


      Code (inc. data)   RO Data    RW Data    ZI Data      Debug   

     43452      10484       2572       2280       4640     637177   Grand Totals
     43452      10484       2572        628       4640     637177   ELF Image Totals (compressed)
     43452      10484       2572        628          0          0   ROM Totals

==============================================================================

    Total RO  Size (Code + RO Data)                46024 (  44.95kB)
    Total RW  Size (RW Data + ZI Data)              6920 (   6.76kB)
    Total ROM Size (Code + RO Data + RW Data)      46652 (  45.56kB)

==============================================================================

